[    0.000000] Linux version 6.3.0-thor_kernel-g17214b70a159-dirty (mhouppin@mhouppin) (gcc (GCC) 12.2.0, GNU ld (GNU Binutils) 2.39) #2 SMP PREEMPT_DYNAMIC Thu Mar 23 01:31:43 CET 2023
[    0.000000] Command line: BOOT_IMAGE=/vmlinuz-6.3.0-rc3-00012-g17214b70a159 root=/dev/sda3 ro
[    0.000000] [Firmware Bug]: TSC doesn't count with P0 frequency!
[    0.000000] x86/fpu: x87 FPU will use FXSAVE
[    0.000000] signal: max sigframe size: 1440
[    0.000000] BIOS-provided physical RAM map:
[    0.000000] BIOS-e820: [mem 0x0000000000000000-0x000000000009fbff] usable
[    0.000000] BIOS-e820: [mem 0x000000000009fc00-0x000000000009ffff] reserved
[    0.000000] BIOS-e820: [mem 0x00000000000f0000-0x00000000000fffff] reserved
[    0.000000] BIOS-e820: [mem 0x0000000000100000-0x00000000dffeffff] usable
[    0.000000] BIOS-e820: [mem 0x00000000dfff0000-0x00000000dfffffff] ACPI data
[    0.000000] BIOS-e820: [mem 0x00000000fec00000-0x00000000fec00fff] reserved
[    0.000000] BIOS-e820: [mem 0x00000000fee00000-0x00000000fee00fff] reserved
[    0.000000] BIOS-e820: [mem 0x00000000fffc0000-0x00000000ffffffff] reserved
[    0.000000] BIOS-e820: [mem 0x0000000100000000-0x000000021fffffff] usable
[    0.000000] NX (Execute Disable) protection: active
[    0.000000] SMBIOS 2.5 present.
[    0.000000] DMI: innotek GmbH VirtualBox/VirtualBox, BIOS VirtualBox 12/01/2006
[    0.000000] Hypervisor detected: KVM
[    0.000000] kvm-clock: Using msrs 4b564d01 and 4b564d00
[    0.000001] kvm-clock: using sched offset of 17612935910547 cycles
[    0.000004] clocksource: kvm-clock: mask: 0xffffffffffffffff max_cycles: 0x1cd42e4dffb, max_idle_ns: 881590591483 ns
[    0.000006] tsc: Detected 3500.258 MHz processor
[    0.001000] e820: update [mem 0x00000000-0x00000fff] usable ==> reserved
[    0.001000] e820: remove [mem 0x000a0000-0x000fffff] usable
[    0.001000] last_pfn = 0x220000 max_arch_pfn = 0x400000000
[    0.001000] MTRRs disabled by BIOS
[    0.001000] x86/PAT: Configuration [0-7]: WB  WC  UC- UC  WB  WP  UC- WT  
[    0.001000] last_pfn = 0xdfff0 max_arch_pfn = 0x400000000
[    0.001000] found SMP MP-table at [mem 0x0009fff0-0x0009ffff]
[    0.001000] ACPI: Early table checksum verification disabled
[    0.001000] ACPI: RSDP 0x00000000000E0000 000024 (v02 VBOX  )
[    0.001000] ACPI: XSDT 0x00000000DFFF0030 00003C (v01 VBOX   VBOXXSDT 00000001 ASL  00000061)
[    0.001000] ACPI: FACP 0x00000000DFFF00F0 0000F4 (v04 VBOX   VBOXFACP 00000001 ASL  00000061)
[    0.001000] ACPI: DSDT 0x00000000DFFF0610 002353 (v02 VBOX   VBOXBIOS 00000002 INTL 20100528)
[    0.001000] ACPI: FACS 0x00000000DFFF0200 000040
[    0.001000] ACPI: FACS 0x00000000DFFF0200 000040
[    0.001000] ACPI: APIC 0x00000000DFFF0240 000054 (v02 VBOX   VBOXAPIC 00000001 ASL  00000061)
[    0.001000] ACPI: SSDT 0x00000000DFFF02A0 00036C (v01 VBOX   VBOXCPUT 00000002 INTL 20100528)
[    0.001000] ACPI: Reserving FACP table memory at [mem 0xdfff00f0-0xdfff01e3]
[    0.001000] ACPI: Reserving DSDT table memory at [mem 0xdfff0610-0xdfff2962]
[    0.001000] ACPI: Reserving FACS table memory at [mem 0xdfff0200-0xdfff023f]
[    0.001000] ACPI: Reserving FACS table memory at [mem 0xdfff0200-0xdfff023f]
[    0.001000] ACPI: Reserving APIC table memory at [mem 0xdfff0240-0xdfff0293]
[    0.001000] ACPI: Reserving SSDT table memory at [mem 0xdfff02a0-0xdfff060b]
[    0.001000] No NUMA configuration found
[    0.001000] Faking a node at [mem 0x0000000000000000-0x000000021fffffff]
[    0.001000] NODE_DATA(0) allocated [mem 0x21fff8000-0x21fffbfff]
[    0.001000] Zone ranges:
[    0.001000]   DMA      [mem 0x0000000000001000-0x0000000000ffffff]
[    0.001000]   DMA32    [mem 0x0000000001000000-0x00000000ffffffff]
[    0.001000]   Normal   [mem 0x0000000100000000-0x000000021fffffff]
[    0.001000] Movable zone start for each node
[    0.001000] Early memory node ranges
[    0.001000]   node   0: [mem 0x0000000000001000-0x000000000009efff]
[    0.001000]   node   0: [mem 0x0000000000100000-0x00000000dffeffff]
[    0.001000]   node   0: [mem 0x0000000100000000-0x000000021fffffff]
[    0.001000] Initmem setup node 0 [mem 0x0000000000001000-0x000000021fffffff]
[    0.001000] On node 0, zone DMA: 1 pages in unavailable ranges
[    0.001000] On node 0, zone DMA: 97 pages in unavailable ranges
[    0.001000] On node 0, zone Normal: 16 pages in unavailable ranges
[    0.001000] ACPI: PM-Timer IO Port: 0x4008
[    0.001000] IOAPIC[0]: apic_id 1, version 32, address 0xfec00000, GSI 0-23
[    0.001000] ACPI: INT_SRC_OVR (bus 0 bus_irq 0 global_irq 2 dfl dfl)
[    0.001000] ACPI: INT_SRC_OVR (bus 0 bus_irq 9 global_irq 9 low level)
[    0.001000] ACPI: Using ACPI (MADT) for SMP configuration information
[    0.001000] smpboot: Allowing 1 CPUs, 0 hotplug CPUs
[    0.001000] PM: hibernation: Registered nosave memory: [mem 0x00000000-0x00000fff]
[    0.001000] PM: hibernation: Registered nosave memory: [mem 0x0009f000-0x0009ffff]
[    0.001000] PM: hibernation: Registered nosave memory: [mem 0x000a0000-0x000effff]
[    0.001000] PM: hibernation: Registered nosave memory: [mem 0x000f0000-0x000fffff]
[    0.001000] PM: hibernation: Registered nosave memory: [mem 0xdfff0000-0xdfffffff]
[    0.001000] PM: hibernation: Registered nosave memory: [mem 0xe0000000-0xfebfffff]
[    0.001000] PM: hibernation: Registered nosave memory: [mem 0xfec00000-0xfec00fff]
[    0.001000] PM: hibernation: Registered nosave memory: [mem 0xfec01000-0xfedfffff]
[    0.001000] PM: hibernation: Registered nosave memory: [mem 0xfee00000-0xfee00fff]
[    0.001000] PM: hibernation: Registered nosave memory: [mem 0xfee01000-0xfffbffff]
[    0.001000] PM: hibernation: Registered nosave memory: [mem 0xfffc0000-0xffffffff]
[    0.001000] [mem 0xe0000000-0xfebfffff] available for PCI devices
[    0.001000] Booting paravirtualized kernel on KVM
[    0.001000] clocksource: refined-jiffies: mask: 0xffffffff max_cycles: 0xffffffff, max_idle_ns: 1910969940391419 ns
[    0.001000] setup_percpu: NR_CPUS:64 nr_cpumask_bits:1 nr_cpu_ids:1 nr_node_ids:1
[    0.001000] percpu: Embedded 53 pages/cpu s178152 r8192 d30744 u2097152
[    0.001000] pcpu-alloc: s178152 r8192 d30744 u2097152 alloc=1*2097152
[    0.001000] pcpu-alloc: [0] 0 
[    0.001000] Fallback order for Node 0: 0 
[    0.001000] Built 1 zonelists, mobility grouping on.  Total pages: 2064112
[    0.001000] Policy zone: Normal
[    0.001000] Kernel command line: BOOT_IMAGE=/vmlinuz-6.3.0-rc3-00012-g17214b70a159 root=/dev/sda3 ro
[    0.001000] Unknown kernel command line parameters "BOOT_IMAGE=/vmlinuz-6.3.0-rc3-00012-g17214b70a159", will be passed to user space.
[    0.001000] random: crng init done
[    0.001000] Dentry cache hash table entries: 1048576 (order: 11, 8388608 bytes, linear)
[    0.001000] Inode-cache hash table entries: 524288 (order: 10, 4194304 bytes, linear)
[    0.001000] mem auto-init: stack:all(zero), heap alloc:off, heap free:off
[    0.001000] software IO TLB: area num 1.
[    0.001000] Memory: 8138320K/8388152K available (18432K kernel code, 2718K rwdata, 6356K rodata, 2568K init, 1596K bss, 249572K reserved, 0K cma-reserved)
[    0.001000] SLUB: HWalign=64, Order=0-3, MinObjects=0, CPUs=1, Nodes=1
[    0.001000] Dynamic Preempt: voluntary
[    0.001000] rcu: Preemptible hierarchical RCU implementation.
[    0.001000] rcu: 	RCU event tracing is enabled.
[    0.001000] rcu: 	RCU restricting CPUs from NR_CPUS=64 to nr_cpu_ids=1.
[    0.001000] 	Trampoline variant of Tasks RCU enabled.
[    0.001000] rcu: RCU calculated value of scheduler-enlistment delay is 100 jiffies.
[    0.001000] rcu: Adjusting geometry for rcu_fanout_leaf=16, nr_cpu_ids=1
[    0.001000] NR_IRQS: 4352, nr_irqs: 256, preallocated irqs: 16
[    0.001000] rcu: srcu_init: Setting srcu_struct sizes based on contention.
[    0.001000] Console: colour VGA+ 80x25
[    0.001000] printk: console [tty0] enabled
[    0.001000] ACPI: Core revision 20221020
[    0.001000] APIC: Switch to symmetric I/O mode setup
[    0.001000] ..TIMER: vector=0x30 apic1=0 pin1=2 apic2=-1 pin2=-1
[    0.001000] clocksource: tsc-early: mask: 0xffffffffffffffff max_cycles: 0x3274447638b, max_idle_ns: 440795215158 ns
[    1.106768] Calibrating delay loop (skipped) preset value.. 7000.51 BogoMIPS (lpj=3500258)
[    1.107767] pid_max: default: 32768 minimum: 301
[    1.109782] LSM: initializing lsm=capability,integrity,selinux
[    1.110771] SELinux:  Initializing.
[    1.112258] Mount-cache hash table entries: 16384 (order: 5, 131072 bytes, linear)
[    1.113277] Mountpoint-cache hash table entries: 16384 (order: 5, 131072 bytes, linear)
[    1.116766] CPU0: Hyper-Threading is disabled
[    1.117841] Last level iTLB entries: 4KB 1024, 2MB 1024, 4MB 512
[    1.118766] Last level dTLB entries: 4KB 2048, 2MB 2048, 4MB 1024, 1GB 0
[    1.119770] Spectre V1 : Mitigation: usercopy/swapgs barriers and __user pointer sanitization
[    1.120768] Spectre V2 : Mitigation: Retpolines
[    1.121766] Spectre V2 : Spectre v2 / SpectreRSB mitigation: Filling RSB on context switch
[    1.122766] Spectre V2 : Spectre v2 / SpectreRSB : Filling RSB on VMEXIT
[    1.123766] RETBleed: Mitigation: untrained return thunk
[    1.126764] Freeing SMP alternatives memory: 48K
[    1.229767] APIC calibration not consistent with PM-Timer: 103ms instead of 100ms
[    1.230764] APIC delta adjusted to PM-Timer: 6307350 (6499009)
[    1.231198] smpboot: CPU0: AMD Ryzen 9 3950X 16-Core Processor (family: 0x17, model: 0x71, stepping: 0x0)
[    1.232477] cblist_init_generic: Setting adjustable number of callback queues.
[    1.232766] cblist_init_generic: Setting shift to 0 and lim to 1.
[    1.233856] Performance Events: PMU not available due to virtualization, using software events only.
[    1.235855] rcu: Hierarchical SRCU implementation.
[    1.236767] rcu: 	Max phase no-delay instances is 400.
[    1.238120] smp: Bringing up secondary CPUs ...
[    1.238768] smp: Brought up 1 node, 1 CPU
[    1.239767] smpboot: Max logical packages: 1
[    1.240767] smpboot: Total of 1 processors activated (7000.51 BogoMIPS)
[    1.242285] devtmpfs: initialized
[    1.243187] clocksource: jiffies: mask: 0xffffffff max_cycles: 0xffffffff, max_idle_ns: 1911260446275000 ns
[    1.243769] futex hash table entries: 256 (order: 2, 16384 bytes, linear)
[    1.245235] PM: RTC time: 00:40:14, date: 2023-03-23
[    1.246000] NET: Registered PF_NETLINK/PF_ROUTE protocol family
[    1.246833] audit: initializing netlink subsys (disabled)
[    1.247947] thermal_sys: Registered thermal governor 'step_wise'
[    1.247949] thermal_sys: Registered thermal governor 'user_space'
[    1.248829] audit: type=2000 audit(1679852455.413:1): state=initialized audit_enabled=0 res=1
[    1.250777] cpuidle: using governor menu
[    1.255950] PCI: Using configuration type 1 for base access
[    1.256766] PCI: Using configuration type 1 for extended access
[    1.257936] kprobes: kprobe jump-optimization is enabled. All kprobes are optimized if possible.
[    1.270764] HugeTLB: registered 2.00 MiB page size, pre-allocated 0 pages
[    1.271767] HugeTLB: 28 KiB vmemmap can be freed for a 2.00 MiB page
[    1.273215] ACPI: Added _OSI(Module Device)
[    1.273767] ACPI: Added _OSI(Processor Device)
[    1.274767] ACPI: Added _OSI(3.0 _SCP Extensions)
[    1.275768] ACPI: Added _OSI(Processor Aggregator Device)
[    1.278764] ACPI: 2 ACPI AML tables successfully acquired and loaded
[    1.286408] ACPI: Interpreter enabled
[    1.287776] ACPI: PM: (supports S0 S5)
[    1.288767] ACPI: Using IOAPIC for interrupt routing
[    1.291212] PCI: Using host bridge windows from ACPI; if necessary, use "pci=nocrs" and report a bug
[    1.291766] PCI: Using E820 reservations for host bridge windows
[    1.292896] ACPI: Enabled 2 GPEs in block 00 to 07
[    1.310853] ACPI: PCI Root Bridge [PCI0] (domain 0000 [bus 00-ff])
[    1.312771] acpi PNP0A03:00: _OSC: OS supports [ExtendedConfig ASPM ClockPM Segments MSI HPX-Type3]
[    1.315966] acpi PNP0A03:00: _OSC: platform does not support [PCIeCapability LTR]
[    1.318055] acpi PNP0A03:00: _OSC: not requesting control; platform does not support [PCIeCapability]
[    1.318768] acpi PNP0A03:00: _OSC: OS requested [PME PCIeCapability LTR]
[    1.319769] acpi PNP0A03:00: _OSC: platform willing to grant [PME]
[    1.320770] acpi PNP0A03:00: _OSC: platform retains control of PCIe features (AE_SUPPORT)
[    1.322882] PCI host bridge to bus 0000:00
[    1.323769] pci_bus 0000:00: root bus resource [io  0x0000-0x0cf7 window]
[    1.324767] pci_bus 0000:00: root bus resource [io  0x0d00-0xffff window]
[    1.325767] pci_bus 0000:00: root bus resource [mem 0x000a0000-0x000bffff window]
[    1.326767] pci_bus 0000:00: root bus resource [mem 0xe0000000-0xfdffffff window]
[    1.327768] pci_bus 0000:00: root bus resource [bus 00-ff]
[    1.330201] pci 0000:00:01.0: [8086:7000] type 00 class 0x060100
[    1.336136] pci 0000:00:01.1: [8086:7111] type 00 class 0x01018a
[    1.339880] pci 0000:00:01.1: reg 0x20: [io  0xd000-0xd00f]
[    1.342215] pci 0000:00:01.1: legacy IDE quirk: reg 0x10: [io  0x01f0-0x01f7]
[    1.342767] pci 0000:00:01.1: legacy IDE quirk: reg 0x14: [io  0x03f6]
[    1.343767] pci 0000:00:01.1: legacy IDE quirk: reg 0x18: [io  0x0170-0x0177]
[    1.344767] pci 0000:00:01.1: legacy IDE quirk: reg 0x1c: [io  0x0376]
[    1.347926] pci 0000:00:02.0: [15ad:0405] type 00 class 0x030000
[    1.350013] pci 0000:00:02.0: reg 0x10: [io  0xd010-0xd01f]
[    1.353016] pci 0000:00:02.0: reg 0x14: [mem 0xe0000000-0xe0ffffff pref]
[    1.355607] pci 0000:00:02.0: reg 0x18: [mem 0xf0000000-0xf01fffff]
[    1.360804] pci 0000:00:02.0: Video device with shadowed ROM at [mem 0x000c0000-0x000dffff]
[    1.363181] pci 0000:00:03.0: [8086:100e] type 00 class 0x020000
[    1.364300] pci 0000:00:03.0: reg 0x10: [mem 0xf0200000-0xf021ffff]
[    1.365401] pci 0000:00:03.0: reg 0x18: [io  0xd020-0xd027]
[    1.369767] pci 0000:00:04.0: [80ee:cafe] type 00 class 0x088000
[    1.371435] pci 0000:00:04.0: reg 0x10: [io  0xd040-0xd05f]
[    1.372211] pci 0000:00:04.0: reg 0x14: [mem 0xf0400000-0xf07fffff]
[    1.373221] pci 0000:00:04.0: reg 0x18: [mem 0xf0800000-0xf0803fff pref]
[    1.377026] pci 0000:00:05.0: [8086:2415] type 00 class 0x040100
[    1.379137] pci 0000:00:05.0: reg 0x10: [io  0xd100-0xd1ff]
[    1.380878] pci 0000:00:05.0: reg 0x14: [io  0xd200-0xd23f]
[    1.384805] pci 0000:00:06.0: [106b:003f] type 00 class 0x0c0310
[    1.386969] pci 0000:00:06.0: reg 0x10: [mem 0xf0804000-0xf0804fff]
[    1.391514] pci 0000:00:07.0: [8086:7113] type 00 class 0x068000
[    1.393883] pci 0000:00:07.0: quirk: [io  0x4000-0x403f] claimed by PIIX4 ACPI
[    1.394806] pci 0000:00:07.0: quirk: [io  0x4100-0x410f] claimed by PIIX4 SMB
[    1.397918] pci 0000:00:0b.0: [8086:265c] type 00 class 0x0c0320
[    1.400071] pci 0000:00:0b.0: reg 0x10: [mem 0xf0805000-0xf0805fff]
[    1.404645] pci 0000:00:0d.0: [8086:2829] type 00 class 0x010601
[    1.405854] pci 0000:00:0d.0: reg 0x10: [io  0xd240-0xd247]
[    1.407063] pci 0000:00:0d.0: reg 0x14: [io  0xd248-0xd24b]
[    1.408927] pci 0000:00:0d.0: reg 0x18: [io  0xd250-0xd257]
[    1.410766] pci 0000:00:0d.0: reg 0x1c: [io  0xd258-0xd25b]
[    1.412070] pci 0000:00:0d.0: reg 0x20: [io  0xd260-0xd26f]
[    1.413061] pci 0000:00:0d.0: reg 0x24: [mem 0xf0806000-0xf0807fff]
[    1.419608] ACPI: PCI: Interrupt link LNKA configured for IRQ 11
[    1.421356] ACPI: PCI: Interrupt link LNKB configured for IRQ 10
[    1.421994] ACPI: PCI: Interrupt link LNKC configured for IRQ 9
[    1.424001] ACPI: PCI: Interrupt link LNKD configured for IRQ 11
[    1.425937] iommu: Default domain type: Translated 
[    1.426766] iommu: DMA domain TLB invalidation policy: lazy mode 
[    1.427865] SCSI subsystem initialized
[    1.428880] libata version 3.00 loaded.
[    1.428904] ACPI: bus type USB registered
[    1.429780] usbcore: registered new interface driver usbfs
[    1.430775] usbcore: registered new interface driver hub
[    1.431777] usbcore: registered new device driver usb
[    1.433828] pps_core: LinuxPPS API ver. 1 registered
[    1.434766] pps_core: Software ver. 5.3.6 - Copyright 2005-2007 Rodolfo Giometti <giometti@linux.it>
[    1.435772] PTP clock support registered
[    1.436932] Advanced Linux Sound Architecture Driver Initialized.
[    1.438071] NetLabel: Initializing
[    1.438766] NetLabel:  domain hash size = 128
[    1.439766] NetLabel:  protocols = UNLABELED CIPSOv4 CALIPSO
[    1.440787] NetLabel:  unlabeled traffic allowed by default
[    1.441806] PCI: Using ACPI for IRQ routing
[    1.442767] PCI: pci_cache_line_size set to 64 bytes
[    1.444175] e820: reserve RAM buffer [mem 0x0009fc00-0x0009ffff]
[    1.444178] e820: reserve RAM buffer [mem 0xdfff0000-0xdfffffff]
[    1.444246] pci 0000:00:02.0: vgaarb: setting as boot VGA device
[    1.444764] pci 0000:00:02.0: vgaarb: bridge control possible
[    1.444764] pci 0000:00:02.0: vgaarb: VGA device added: decodes=io+mem,owns=io+mem,locks=none
[    1.444767] vgaarb: loaded
[    1.445866] clocksource: Switched to clocksource kvm-clock
[    1.491879] VFS: Disk quotas dquot_6.6.0
[    1.495175] VFS: Dquot-cache hash table entries: 512 (order 0, 4096 bytes)
[    1.498358] pnp: PnP ACPI init
[    1.501686] pnp: PnP ACPI: found 2 devices
[    1.512085] clocksource: acpi_pm: mask: 0xffffff max_cycles: 0xffffff, max_idle_ns: 2085701024 ns
[    1.515996] NET: Registered PF_INET protocol family
[    1.520801] IP idents hash table entries: 131072 (order: 8, 1048576 bytes, linear)
[    1.526193] tcp_listen_portaddr_hash hash table entries: 4096 (order: 4, 65536 bytes, linear)
[    1.531148] Table-perturb hash table entries: 65536 (order: 6, 262144 bytes, linear)
[    1.535075] TCP established hash table entries: 65536 (order: 7, 524288 bytes, linear)
[    1.540821] TCP bind hash table entries: 65536 (order: 9, 2097152 bytes, linear)
[    1.553883] TCP: Hash tables configured (established 65536 bind 65536)
[    1.558377] UDP hash table entries: 4096 (order: 5, 131072 bytes, linear)
[    1.561939] UDP-Lite hash table entries: 4096 (order: 5, 131072 bytes, linear)
[    1.565771] NET: Registered PF_UNIX/PF_LOCAL protocol family
[    1.568732] RPC: Registered named UNIX socket transport module.
[    1.571968] RPC: Registered udp transport module.
[    1.574139] RPC: Registered tcp transport module.
[    1.576318] RPC: Registered tcp NFSv4.1 backchannel transport module.
[    1.579676] pci_bus 0000:00: resource 4 [io  0x0000-0x0cf7 window]
[    1.582478] pci_bus 0000:00: resource 5 [io  0x0d00-0xffff window]
[    1.585277] pci_bus 0000:00: resource 6 [mem 0x000a0000-0x000bffff window]
[    1.588276] pci_bus 0000:00: resource 7 [mem 0xe0000000-0xfdffffff window]
[    1.597263] PCI: CLS 0 bytes, default 64
[    1.599191] PCI-DMA: Using software bounce buffering for IO (SWIOTLB)
[    1.602029] software IO TLB: mapped [mem 0x00000000dbff0000-0x00000000dfff0000] (64MB)
[    1.605539] clocksource: tsc: mask: 0xffffffffffffffff max_cycles: 0x3274447638b, max_idle_ns: 440795215158 ns
[    1.609854] clocksource: Switched to clocksource tsc
[    1.612137] platform rtc_cmos: registered platform RTC device (no PNP device found)
[    1.616564] Initialise system trusted keyrings
[    1.618773] workingset: timestamp_bits=56 max_order=21 bucket_order=0
[    1.621918] NFS: Registering the id_resolver key type
[    1.624248] Key type id_resolver registered
[    1.626216] Key type id_legacy registered
[    1.628193] 9p: Installing v9fs 9p2000 file system support
[    1.634538] Key type asymmetric registered
[    1.636537] Asymmetric key parser 'x509' registered
[    1.638961] Block layer SCSI generic (bsg) driver version 0.4 loaded (major 251)
[    1.642287] io scheduler mq-deadline registered
[    1.644448] io scheduler kyber registered
[    1.646679] ACPI: AC: AC Adapter [AC] (on-line)
[    1.648827] input: Power Button as /devices/LNXSYSTM:00/LNXPWRBN:00/input/input0
[    1.652178] ACPI: button: Power Button [PWRF]
[    1.655097] input: Sleep Button as /devices/LNXSYSTM:00/LNXSLPBN:00/input/input1
[    1.658507] ACPI: button: Sleep Button [SLPF]
[    1.660671] ACPI: video: Video Device [GFX0] (multi-head: yes  rom: no  post: no)
[    1.664023] input: Video Bus as /devices/LNXSYSTM:00/LNXSYBUS:00/PNP0A03:00/LNXVIDEO:00/input/input2
[    1.669726] ACPI: battery: Slot [BAT0] (battery present)
[    1.672198] Serial: 8250/16550 driver, 4 ports, IRQ sharing enabled
[    1.676666] Non-volatile memory driver v1.3
[    1.678645] Linux agpgart interface v0.103
[    1.680619] ACPI: bus type drm_connector registered
[    1.686097] loop: module loaded
[    1.689961] ahci 0000:00:0d.0: version 3.0
[    1.691919] ahci 0000:00:0d.0: SSS flag set, parallel bus scan disabled
[    1.696515] ahci 0000:00:0d.0: AHCI 0001.0100 32 slots 1 ports 3 Gbps 0x1 impl SATA mode
[    1.700090] ahci 0000:00:0d.0: flags: 64bit ncq stag only ccc 
[    1.703865] scsi host0: ahci
[    1.705715] ata1: SATA max UDMA/133 abar m8192@0xf0806000 port 0xf0806100 irq 21
[    1.709370] ata_piix 0000:00:01.1: version 2.13
[    1.711727] scsi host1: ata_piix
[    1.713667] scsi host2: ata_piix
[    1.715309] ata2: PATA max UDMA/33 cmd 0x1f0 ctl 0x3f6 bmdma 0xd000 irq 14
[    1.718885] ata3: PATA max UDMA/33 cmd 0x170 ctl 0x376 bmdma 0xd008 irq 15
[    1.724741] e100: Intel(R) PRO/100 Network Driver
[    1.727017] e100: Copyright(c) 1999-2006 Intel Corporation
[    1.729506] e1000: Intel(R) PRO/1000 Network Driver
[    1.732130] e1000: Copyright (c) 1999-2006 Intel Corporation.
[    1.914784] ata3.00: ATAPI: VBOX CD-ROM, 1.0, max UDMA/133
[    2.021987] ata1: SATA link up 3.0 Gbps (SStatus 123 SControl 300)
[    2.025569] ata1.00: ATA-6: VBOX HARDDISK, 1.0, max UDMA/133
[    2.028127] ata1.00: 41943888 sectors, multi 128: LBA48 NCQ (depth 32)
[    2.040682] ata1.00: configured for UDMA/133
[    2.042771] scsi 0:0:0:0: Direct-Access     ATA      VBOX HARDDISK    1.0  PQ: 0 ANSI: 5
[    2.054799] scsi 0:0:0:0: Attached scsi generic sg0 type 0
[    2.057393] sd 0:0:0:0: [sda] 41943888 512-byte logical blocks: (21.5 GB/20.0 GiB)
[    2.061358] sd 0:0:0:0: [sda] Write Protect is off
[    2.063585] sd 0:0:0:0: [sda] Mode Sense: 00 3a 00 00
[    2.064719] scsi 2:0:0:0: CD-ROM            VBOX     CD-ROM           1.0  PQ: 0 ANSI: 5
[    2.070283] sd 0:0:0:0: [sda] Write cache: enabled, read cache: enabled, doesn't support DPO or FUA
[    2.083476] sd 0:0:0:0: [sda] Preferred minimum I/O size 512 bytes
[    2.088450] sr 2:0:0:0: [sr0] scsi3-mmc drive: 32x/32x xa/form2 tray
[    2.091262] cdrom: Uniform CD-ROM driver Revision: 3.20
[    2.107720] sr 2:0:0:0: Attached scsi CD-ROM sr0
[    2.107789] sr 2:0:0:0: Attached scsi generic sg1 type 5
[    2.132492] GPT:Primary header thinks Alt. header is not at the end of the disk.
[    2.135786] GPT:41943039 != 41943887
[    2.137533] GPT:Alternate GPT header not at the end of the disk.
[    2.140920] GPT:41943039 != 41943887
[    2.142666] GPT: Use GNU Parted to correct GPT errors.
[    2.145036]  sda: sda1 sda2 sda3
[    2.164497] sd 0:0:0:0: [sda] Attached SCSI disk
[    2.548560] e1000 0000:00:03.0 eth0: (PCI:33MHz:32-bit) 08:00:27:cd:42:99
[    2.551556] e1000 0000:00:03.0 eth0: Intel(R) PRO/1000 Network Connection
[    2.554551] e1000e: Intel(R) PRO/1000 Network Driver
[    2.556831] e1000e: Copyright(c) 1999 - 2015 Intel Corporation.
[    2.559484] sky2: driver version 1.30
[    2.563060] ehci-pci 0000:00:0b.0: EHCI Host Controller
[    2.566715] ehci-pci 0000:00:0b.0: new USB bus registered, assigned bus number 1
[    2.571325] ehci-pci 0000:00:0b.0: irq 19, io mem 0xf0805000
[    2.581122] ehci-pci 0000:00:0b.0: USB 2.0 started, EHCI 1.00
[    2.584362] usb usb1: New USB device found, idVendor=1d6b, idProduct=0002, bcdDevice= 6.03
[    2.588000] usb usb1: New USB device strings: Mfr=3, Product=2, SerialNumber=1
[    2.591222] usb usb1: Product: EHCI Host Controller
[    2.593469] usb usb1: Manufacturer: Linux 6.3.0-thor_kernel-g17214b70a159-dirty ehci_hcd
[    2.597072] usb usb1: SerialNumber: 0000:00:0b.0
[    2.599298] hub 1-0:1.0: USB hub found
[    2.601148] hub 1-0:1.0: 12 ports detected
[    2.604454] ohci-pci 0000:00:06.0: OHCI PCI host controller
[    2.606998] ohci-pci 0000:00:06.0: new USB bus registered, assigned bus number 2
[    2.610968] ohci-pci 0000:00:06.0: irq 22, io mem 0xf0804000
[    2.667723] usb usb2: New USB device found, idVendor=1d6b, idProduct=0001, bcdDevice= 6.03
[    2.671404] usb usb2: New USB device strings: Mfr=3, Product=2, SerialNumber=1
[    2.674626] usb usb2: Product: OHCI PCI host controller
[    2.676987] usb usb2: Manufacturer: Linux 6.3.0-thor_kernel-g17214b70a159-dirty ohci_hcd
[    2.680561] usb usb2: SerialNumber: 0000:00:06.0
[    2.682856] hub 2-0:1.0: USB hub found
[    2.684749] hub 2-0:1.0: 12 ports detected
[    2.689588] usbcore: registered new interface driver usblp
[    2.692083] usbcore: registered new interface driver usb-storage
[    2.694817] i8042: PNP: PS/2 Controller [PNP0303:PS2K,PNP0f03:PS2M] at 0x60,0x64 irq 1,12
[    2.702198] serio: i8042 KBD port at 0x60,0x64 irq 1
[    2.704499] serio: i8042 AUX port at 0x60,0x64 irq 12
[    2.709219] input: AT Translated Set 2 keyboard as /devices/platform/i8042/serio0/input/input3
[    2.719135] rtc_cmos rtc_cmos: registered as rtc0
[    2.721528] rtc_cmos rtc_cmos: alarms up to one day, 114 bytes nvram
[    2.728029] fail to initialize ptp_kvm
[    2.728096] device-mapper: ioctl: 4.47.0-ioctl (2022-07-28) initialised: dm-devel@redhat.com
[    2.738042] hid: raw HID events driver (C) Jiri Kosina
[    2.740579] usbcore: registered new interface driver usbhid
[    2.743097] usbhid: USB HID core driver
[    2.752816] Initializing XFRM netlink socket
[    2.757890] NET: Registered PF_INET6 protocol family
[    2.760637] Segment Routing with IPv6
[    2.762849] In-situ OAM (IOAM) with IPv6
[    2.764967] sit: IPv6, IPv4 and MPLS over IPv4 tunneling driver
[    2.768143] NET: Registered PF_PACKET protocol family
[    2.770495] 9pnet: Installing 9P2000 support
[    2.773287] Key type dns_resolver registered
[    2.775494] IPI shorthand broadcast: enabled
[    2.778501] sched_clock: Marking stable (1674736893, 1102764224)->(3093002975, -315501858)
[    2.784016] registered taskstats version 1
[    2.785990] Loading compiled-in X.509 certificates
[    2.791696] PM:   Magic number: 15:837:658
[    2.794397] printk: console [netcon0] enabled
[    2.796846] netconsole: network logging started
[    2.799035] cfg80211: Loading compiled-in X.509 certificates for regulatory database
[    2.802633] kworker/u2:3 (48) used greatest stack depth: 14768 bytes left
[    2.805968] kworker/u2:3 (49) used greatest stack depth: 14744 bytes left
[    2.809159] Loaded X.509 cert 'sforshee: 00b28ddf47aef9cea7'
[    2.811886] platform regulatory.0: Direct firmware load for regulatory.db failed with error -2
[    2.816308] ALSA device list:
[    2.817841]   No soundcards found.
[    2.819520] cfg80211: failed to load regulatory.db
[    2.969811] input: ImExPS/2 Generic Explorer Mouse as /devices/platform/i8042/serio1/input/input5
[    2.974193] md: Waiting for all devices to be available before autodetect
[    2.977197] md: If you don't use raid, use raid=noautodetect
[    2.979737] md: Autodetecting RAID arrays.
[    2.981682] md: autorun ...
[    2.983514] md: ... autorun DONE.
[    2.994127] EXT4-fs (sda3): mounted filesystem 3b1cd1f1-96ae-44e8-b9ab-20089a80262f with ordered data mode. Quota mode: none.
[    2.999002] VFS: Mounted root (ext4 filesystem) readonly on device 8:3.
[    3.004096] devtmpfs: mounted
[    3.005865] Freeing unused kernel image (initmem) memory: 2568K
[    3.008522] Write protecting the kernel read-only data: 26624k
[    3.011391] Freeing unused kernel image (rodata/data gap) memory: 1836K
[    3.014324] Run /sbin/init as init process
[    3.016278]   with arguments:
[    3.016279]     /sbin/init
[    3.016280]   with environment:
[    3.016280]     HOME=/
[    3.016281]     TERM=linux
[    3.016281]     BOOT_IMAGE=/vmlinuz-6.3.0-rc3-00012-g17214b70a159
[    3.115210] stty (55) used greatest stack depth: 13696 bytes left
[    3.133637] dmesg (56) used greatest stack depth: 13608 bytes left
[    3.202738] sed (68) used greatest stack depth: 13448 bytes left
[    3.254969] S00mountvirtfs (59) used greatest stack depth: 13416 bytes left
[    3.306778] ip (107) used greatest stack depth: 13000 bytes left
[    3.388135] udevd[132]: starting version 3.2.11
[    3.429240] udevd[133]: starting eudev-3.2.11
[    3.515225] e1000 0000:00:03.0 enp0s3: renamed from eth0
[    3.941324] Adding 2045948k swap on /dev/sda2.  Priority:1 extents:1 across:2045948k 
[    3.967950] EXT4-fs (sda3): re-mounted 3b1cd1f1-96ae-44e8-b9ab-20089a80262f. Quota mode: none.
[    4.045416] EXT4-fs (sda3): re-mounted 3b1cd1f1-96ae-44e8-b9ab-20089a80262f. Quota mode: none.
[    4.071215] EXT4-fs (sda1): mounting ext2 file system using the ext4 subsystem
[    4.077287] EXT4-fs (sda1): mounted filesystem 72acf532-d30c-49f1-9f21-50cc2c5f5e17 without journal. Quota mode: none.
[    4.082448] ext2 filesystem being mounted at /boot supports timestamps until 2038 (0x7fffffff)
[    5.163693] e1000: enp0s3 NIC Link is Up 1000 Mbps Full Duplex, Flow Control: RX
[    5.177186] IPv6: ADDRCONF(NETDEV_CHANGE): enp0s3: link becomes ready
