[    0.000000] Linux version 6.3.0-thor_kernel-g17214b70a159-dirty (mhouppin@mhouppin) (gcc (GCC) 12.2.0, GNU ld (GNU Binutils) 2.39) #2 SMP PREEMPT_DYNAMIC Thu Mar 23 01:31:43 CET 2023
[    0.000000] Command line: BOOT_IMAGE=/vmlinuz-6.3.0-rc3-00012-g17214b70a159 root=/dev/sda3 ro
[    0.000000] [Firmware Bug]: TSC doesn't count with P0 frequency!
[    0.000000] x86/fpu: x87 FPU will use FXSAVE
[    0.000000] signal: max sigframe size: 1440
[    0.000000] BIOS-provided physical RAM map:
[    0.000000] BIOS-e820: [mem 0x0000000000000000-0x000000000009fbff] usable
[    0.000000] BIOS-e820: [mem 0x000000000009fc00-0x000000000009ffff] reserved
[    0.000000] BIOS-e820: [mem 0x00000000000f0000-0x00000000000fffff] reserved
[    0.000000] BIOS-e820: [mem 0x0000000000100000-0x00000000dffeffff] usable
[    0.000000] BIOS-e820: [mem 0x00000000dfff0000-0x00000000dfffffff] ACPI data
[    0.000000] BIOS-e820: [mem 0x00000000fec00000-0x00000000fec00fff] reserved
[    0.000000] BIOS-e820: [mem 0x00000000fee00000-0x00000000fee00fff] reserved
[    0.000000] BIOS-e820: [mem 0x00000000fffc0000-0x00000000ffffffff] reserved
[    0.000000] BIOS-e820: [mem 0x0000000100000000-0x000000021fffffff] usable
[    0.000000] NX (Execute Disable) protection: active
[    0.000000] SMBIOS 2.5 present.
[    0.000000] DMI: innotek GmbH VirtualBox/VirtualBox, BIOS VirtualBox 12/01/2006
[    0.000000] Hypervisor detected: KVM
[    0.000000] kvm-clock: Using msrs 4b564d01 and 4b564d00
[    0.000001] kvm-clock: using sched offset of 65472362381295 cycles
[    0.000003] clocksource: kvm-clock: mask: 0xffffffffffffffff max_cycles: 0x1cd42e4dffb, max_idle_ns: 881590591483 ns
[    0.000006] tsc: Detected 3500.258 MHz processor
[    0.001000] e820: update [mem 0x00000000-0x00000fff] usable ==> reserved
[    0.001000] e820: remove [mem 0x000a0000-0x000fffff] usable
[    0.001000] last_pfn = 0x220000 max_arch_pfn = 0x400000000
[    0.001000] MTRRs disabled by BIOS
[    0.001000] x86/PAT: Configuration [0-7]: WB  WC  UC- UC  WB  WP  UC- WT  
[    0.001000] last_pfn = 0xdfff0 max_arch_pfn = 0x400000000
[    0.001000] found SMP MP-table at [mem 0x0009fff0-0x0009ffff]
[    0.001000] ACPI: Early table checksum verification disabled
[    0.001000] ACPI: RSDP 0x00000000000E0000 000024 (v02 VBOX  )
[    0.001000] ACPI: XSDT 0x00000000DFFF0030 00003C (v01 VBOX   VBOXXSDT 00000001 ASL  00000061)
[    0.001000] ACPI: FACP 0x00000000DFFF00F0 0000F4 (v04 VBOX   VBOXFACP 00000001 ASL  00000061)
[    0.001000] ACPI: DSDT 0x00000000DFFF0610 002353 (v02 VBOX   VBOXBIOS 00000002 INTL 20100528)
[    0.001000] ACPI: FACS 0x00000000DFFF0200 000040
[    0.001000] ACPI: FACS 0x00000000DFFF0200 000040
[    0.001000] ACPI: APIC 0x00000000DFFF0240 000054 (v02 VBOX   VBOXAPIC 00000001 ASL  00000061)
[    0.001000] ACPI: SSDT 0x00000000DFFF02A0 00036C (v01 VBOX   VBOXCPUT 00000002 INTL 20100528)
[    0.001000] ACPI: Reserving FACP table memory at [mem 0xdfff00f0-0xdfff01e3]
[    0.001000] ACPI: Reserving DSDT table memory at [mem 0xdfff0610-0xdfff2962]
[    0.001000] ACPI: Reserving FACS table memory at [mem 0xdfff0200-0xdfff023f]
[    0.001000] ACPI: Reserving FACS table memory at [mem 0xdfff0200-0xdfff023f]
[    0.001000] ACPI: Reserving APIC table memory at [mem 0xdfff0240-0xdfff0293]
[    0.001000] ACPI: Reserving SSDT table memory at [mem 0xdfff02a0-0xdfff060b]
[    0.001000] No NUMA configuration found
[    0.001000] Faking a node at [mem 0x0000000000000000-0x000000021fffffff]
[    0.001000] NODE_DATA(0) allocated [mem 0x21fff8000-0x21fffbfff]
[    0.001000] Zone ranges:
[    0.001000]   DMA      [mem 0x0000000000001000-0x0000000000ffffff]
[    0.001000]   DMA32    [mem 0x0000000001000000-0x00000000ffffffff]
[    0.001000]   Normal   [mem 0x0000000100000000-0x000000021fffffff]
[    0.001000] Movable zone start for each node
[    0.001000] Early memory node ranges
[    0.001000]   node   0: [mem 0x0000000000001000-0x000000000009efff]
[    0.001000]   node   0: [mem 0x0000000000100000-0x00000000dffeffff]
[    0.001000]   node   0: [mem 0x0000000100000000-0x000000021fffffff]
[    0.001000] Initmem setup node 0 [mem 0x0000000000001000-0x000000021fffffff]
[    0.001000] On node 0, zone DMA: 1 pages in unavailable ranges
[    0.001000] On node 0, zone DMA: 97 pages in unavailable ranges
[    0.001000] On node 0, zone Normal: 16 pages in unavailable ranges
[    0.001000] ACPI: PM-Timer IO Port: 0x4008
[    0.001000] IOAPIC[0]: apic_id 1, version 32, address 0xfec00000, GSI 0-23
[    0.001000] ACPI: INT_SRC_OVR (bus 0 bus_irq 0 global_irq 2 dfl dfl)
[    0.001000] ACPI: INT_SRC_OVR (bus 0 bus_irq 9 global_irq 9 low level)
[    0.001000] ACPI: Using ACPI (MADT) for SMP configuration information
[    0.001000] smpboot: Allowing 1 CPUs, 0 hotplug CPUs
[    0.001000] PM: hibernation: Registered nosave memory: [mem 0x00000000-0x00000fff]
[    0.001000] PM: hibernation: Registered nosave memory: [mem 0x0009f000-0x0009ffff]
[    0.001000] PM: hibernation: Registered nosave memory: [mem 0x000a0000-0x000effff]
[    0.001000] PM: hibernation: Registered nosave memory: [mem 0x000f0000-0x000fffff]
[    0.001000] PM: hibernation: Registered nosave memory: [mem 0xdfff0000-0xdfffffff]
[    0.001000] PM: hibernation: Registered nosave memory: [mem 0xe0000000-0xfebfffff]
[    0.001000] PM: hibernation: Registered nosave memory: [mem 0xfec00000-0xfec00fff]
[    0.001000] PM: hibernation: Registered nosave memory: [mem 0xfec01000-0xfedfffff]
[    0.001000] PM: hibernation: Registered nosave memory: [mem 0xfee00000-0xfee00fff]
[    0.001000] PM: hibernation: Registered nosave memory: [mem 0xfee01000-0xfffbffff]
[    0.001000] PM: hibernation: Registered nosave memory: [mem 0xfffc0000-0xffffffff]
[    0.001000] [mem 0xe0000000-0xfebfffff] available for PCI devices
[    0.001000] Booting paravirtualized kernel on KVM
[    0.001000] clocksource: refined-jiffies: mask: 0xffffffff max_cycles: 0xffffffff, max_idle_ns: 1910969940391419 ns
[    0.001000] setup_percpu: NR_CPUS:64 nr_cpumask_bits:1 nr_cpu_ids:1 nr_node_ids:1
[    0.001000] percpu: Embedded 53 pages/cpu s178152 r8192 d30744 u2097152
[    0.001000] pcpu-alloc: s178152 r8192 d30744 u2097152 alloc=1*2097152
[    0.001000] pcpu-alloc: [0] 0 
[    0.001000] Fallback order for Node 0: 0 
[    0.001000] Built 1 zonelists, mobility grouping on.  Total pages: 2064112
[    0.001000] Policy zone: Normal
[    0.001000] Kernel command line: BOOT_IMAGE=/vmlinuz-6.3.0-rc3-00012-g17214b70a159 root=/dev/sda3 ro
[    0.001000] Unknown kernel command line parameters "BOOT_IMAGE=/vmlinuz-6.3.0-rc3-00012-g17214b70a159", will be passed to user space.
[    0.001000] random: crng init done
[    0.001000] Dentry cache hash table entries: 1048576 (order: 11, 8388608 bytes, linear)
[    0.001000] Inode-cache hash table entries: 524288 (order: 10, 4194304 bytes, linear)
[    0.001000] mem auto-init: stack:all(zero), heap alloc:off, heap free:off
[    0.001000] software IO TLB: area num 1.
[    0.001000] Memory: 8138320K/8388152K available (18432K kernel code, 2718K rwdata, 6356K rodata, 2568K init, 1596K bss, 249572K reserved, 0K cma-reserved)
[    0.001000] SLUB: HWalign=64, Order=0-3, MinObjects=0, CPUs=1, Nodes=1
[    0.001000] Dynamic Preempt: voluntary
[    0.001000] rcu: Preemptible hierarchical RCU implementation.
[    0.001000] rcu: 	RCU event tracing is enabled.
[    0.001000] rcu: 	RCU restricting CPUs from NR_CPUS=64 to nr_cpu_ids=1.
[    0.001000] 	Trampoline variant of Tasks RCU enabled.
[    0.001000] rcu: RCU calculated value of scheduler-enlistment delay is 100 jiffies.
[    0.001000] rcu: Adjusting geometry for rcu_fanout_leaf=16, nr_cpu_ids=1
[    0.001000] NR_IRQS: 4352, nr_irqs: 256, preallocated irqs: 16
[    0.001000] rcu: srcu_init: Setting srcu_struct sizes based on contention.
[    0.001000] Console: colour VGA+ 80x25
[    0.001000] printk: console [tty0] enabled
[    0.001000] ACPI: Core revision 20221020
[    0.001000] APIC: Switch to symmetric I/O mode setup
[    0.001000] ..TIMER: vector=0x30 apic1=0 pin1=2 apic2=-1 pin2=-1
[    0.001000] clocksource: tsc-early: mask: 0xffffffffffffffff max_cycles: 0x3274447638b, max_idle_ns: 440795215158 ns
[    0.452672] Calibrating delay loop (skipped) preset value.. 7000.51 BogoMIPS (lpj=3500258)
[    0.453671] pid_max: default: 32768 minimum: 301
[    0.454684] LSM: initializing lsm=capability,integrity,selinux
[    0.455674] SELinux:  Initializing.
[    0.456704] Mount-cache hash table entries: 16384 (order: 5, 131072 bytes, linear)
[    0.457687] Mountpoint-cache hash table entries: 16384 (order: 5, 131072 bytes, linear)
[    0.460344] CPU0: Hyper-Threading is disabled
[    0.461726] Last level iTLB entries: 4KB 1024, 2MB 1024, 4MB 512
[    0.463670] Last level dTLB entries: 4KB 2048, 2MB 2048, 4MB 1024, 1GB 0
[    0.464674] Spectre V1 : Mitigation: usercopy/swapgs barriers and __user pointer sanitization
[    0.465671] Spectre V2 : Mitigation: Retpolines
[    0.466670] Spectre V2 : Spectre v2 / SpectreRSB mitigation: Filling RSB on context switch
[    0.467670] Spectre V2 : Spectre v2 / SpectreRSB : Filling RSB on VMEXIT
[    0.468670] RETBleed: Mitigation: untrained return thunk
[    0.472667] Freeing SMP alternatives memory: 48K
[    0.575670] APIC calibration not consistent with PM-Timer: 103ms instead of 100ms
[    0.576667] APIC delta adjusted to PM-Timer: 6295486 (6499008)
[    0.578065] smpboot: CPU0: AMD Ryzen 9 3950X 16-Core Processor (family: 0x17, model: 0x71, stepping: 0x0)
[    0.578791] cblist_init_generic: Setting adjustable number of callback queues.
[    0.579670] cblist_init_generic: Setting shift to 0 and lim to 1.
[    0.580689] Performance Events: PMU not available due to virtualization, using software events only.
[    0.581705] rcu: Hierarchical SRCU implementation.
[    0.582670] rcu: 	Max phase no-delay instances is 400.
[    0.583820] smp: Bringing up secondary CPUs ...
[    0.585672] smp: Brought up 1 node, 1 CPU
[    0.586670] smpboot: Max logical packages: 1
[    0.587670] smpboot: Total of 1 processors activated (7000.51 BogoMIPS)
[    0.589104] devtmpfs: initialized
[    0.589842] clocksource: jiffies: mask: 0xffffffff max_cycles: 0xffffffff, max_idle_ns: 1911260446275000 ns
[    0.591673] futex hash table entries: 256 (order: 2, 16384 bytes, linear)
[    0.593670] PM: RTC time: 05:00:56, date: 2023-03-30
[    0.594740] NET: Registered PF_NETLINK/PF_ROUTE protocol family
[    0.595732] audit: initializing netlink subsys (disabled)
[    0.596749] thermal_sys: Registered thermal governor 'step_wise'
[    0.596751] thermal_sys: Registered thermal governor 'user_space'
[    0.597694] audit: type=2000 audit(1680251246.371:1): state=initialized audit_enabled=0 res=1
[    0.600757] cpuidle: using governor menu
[    0.605559] PCI: Using configuration type 1 for base access
[    0.605670] PCI: Using configuration type 1 for extended access
[    0.606764] kprobes: kprobe jump-optimization is enabled. All kprobes are optimized if possible.
[    0.617667] HugeTLB: registered 2.00 MiB page size, pre-allocated 0 pages
[    0.617670] HugeTLB: 28 KiB vmemmap can be freed for a 2.00 MiB page
[    0.618812] ACPI: Added _OSI(Module Device)
[    0.619671] ACPI: Added _OSI(Processor Device)
[    0.620671] ACPI: Added _OSI(3.0 _SCP Extensions)
[    0.622674] ACPI: Added _OSI(Processor Aggregator Device)
[    0.625401] ACPI: 2 ACPI AML tables successfully acquired and loaded
[    0.632312] ACPI: Interpreter enabled
[    0.633682] ACPI: PM: (supports S0 S5)
[    0.634671] ACPI: Using IOAPIC for interrupt routing
[    0.636992] PCI: Using host bridge windows from ACPI; if necessary, use "pci=nocrs" and report a bug
[    0.637673] PCI: Using E820 reservations for host bridge windows
[    0.638835] ACPI: Enabled 2 GPEs in block 00 to 07
[    0.657756] ACPI: PCI Root Bridge [PCI0] (domain 0000 [bus 00-ff])
[    0.658674] acpi PNP0A03:00: _OSC: OS supports [ExtendedConfig ASPM ClockPM Segments MSI HPX-Type3]
[    0.661773] acpi PNP0A03:00: _OSC: platform does not support [PCIeCapability LTR]
[    0.664963] acpi PNP0A03:00: _OSC: not requesting control; platform does not support [PCIeCapability]
[    0.665671] acpi PNP0A03:00: _OSC: OS requested [PME PCIeCapability LTR]
[    0.666671] acpi PNP0A03:00: _OSC: platform willing to grant [PME]
[    0.668671] acpi PNP0A03:00: _OSC: platform retains control of PCIe features (AE_SUPPORT)
[    0.669862] PCI host bridge to bus 0000:00
[    0.670671] pci_bus 0000:00: root bus resource [io  0x0000-0x0cf7 window]
[    0.671688] pci_bus 0000:00: root bus resource [io  0x0d00-0xffff window]
[    0.672671] pci_bus 0000:00: root bus resource [mem 0x000a0000-0x000bffff window]
[    0.673671] pci_bus 0000:00: root bus resource [mem 0xe0000000-0xfdffffff window]
[    0.674671] pci_bus 0000:00: root bus resource [bus 00-ff]
[    0.677672] pci 0000:00:01.0: [8086:7000] type 00 class 0x060100
[    0.684671] pci 0000:00:01.1: [8086:7111] type 00 class 0x01018a
[    0.689976] pci 0000:00:01.1: reg 0x20: [io  0xd000-0xd00f]
[    0.692750] pci 0000:00:01.1: legacy IDE quirk: reg 0x10: [io  0x01f0-0x01f7]
[    0.693671] pci 0000:00:01.1: legacy IDE quirk: reg 0x14: [io  0x03f6]
[    0.694671] pci 0000:00:01.1: legacy IDE quirk: reg 0x18: [io  0x0170-0x0177]
[    0.695671] pci 0000:00:01.1: legacy IDE quirk: reg 0x1c: [io  0x0376]
[    0.698119] pci 0000:00:02.0: [15ad:0405] type 00 class 0x030000
[    0.700917] pci 0000:00:02.0: reg 0x10: [io  0xd010-0xd01f]
[    0.702929] pci 0000:00:02.0: reg 0x14: [mem 0xe0000000-0xe0ffffff pref]
[    0.704912] pci 0000:00:02.0: reg 0x18: [mem 0xf0000000-0xf01fffff]
[    0.709114] pci 0000:00:02.0: Video device with shadowed ROM at [mem 0x000c0000-0x000dffff]
[    0.710825] pci 0000:00:03.0: [8086:100e] type 00 class 0x020000
[    0.712222] pci 0000:00:03.0: reg 0x10: [mem 0xf0200000-0xf021ffff]
[    0.713929] pci 0000:00:03.0: reg 0x18: [io  0xd020-0xd027]
[    0.718292] pci 0000:00:04.0: [80ee:cafe] type 00 class 0x088000
[    0.720158] pci 0000:00:04.0: reg 0x10: [io  0xd040-0xd05f]
[    0.722080] pci 0000:00:04.0: reg 0x14: [mem 0xf0400000-0xf07fffff]
[    0.723832] pci 0000:00:04.0: reg 0x18: [mem 0xf0800000-0xf0803fff pref]
[    0.727201] pci 0000:00:05.0: [8086:2415] type 00 class 0x040100
[    0.728152] pci 0000:00:05.0: reg 0x10: [io  0xd100-0xd1ff]
[    0.729929] pci 0000:00:05.0: reg 0x14: [io  0xd200-0xd23f]
[    0.733177] pci 0000:00:06.0: [106b:003f] type 00 class 0x0c0310
[    0.734933] pci 0000:00:06.0: reg 0x10: [mem 0xf0804000-0xf0804fff]
[    0.739481] pci 0000:00:07.0: [8086:7113] type 00 class 0x068000
[    0.741827] pci 0000:00:07.0: quirk: [io  0x4000-0x403f] claimed by PIIX4 ACPI
[    0.742710] pci 0000:00:07.0: quirk: [io  0x4100-0x410f] claimed by PIIX4 SMB
[    0.745191] pci 0000:00:0b.0: [8086:265c] type 00 class 0x0c0320
[    0.746189] pci 0000:00:0b.0: reg 0x10: [mem 0xf0805000-0xf0805fff]
[    0.750360] pci 0000:00:0d.0: [8086:2829] type 00 class 0x010601
[    0.751191] pci 0000:00:0d.0: reg 0x10: [io  0xd240-0xd247]
[    0.751972] pci 0000:00:0d.0: reg 0x14: [io  0xd248-0xd24b]
[    0.753934] pci 0000:00:0d.0: reg 0x18: [io  0xd250-0xd257]
[    0.754970] pci 0000:00:0d.0: reg 0x1c: [io  0xd258-0xd25b]
[    0.756930] pci 0000:00:0d.0: reg 0x20: [io  0xd260-0xd26f]
[    0.758670] pci 0000:00:0d.0: reg 0x24: [mem 0xf0806000-0xf0807fff]
[    0.765021] ACPI: PCI: Interrupt link LNKA configured for IRQ 11
[    0.767202] ACPI: PCI: Interrupt link LNKB configured for IRQ 10
[    0.767896] ACPI: PCI: Interrupt link LNKC configured for IRQ 9
[    0.768898] ACPI: PCI: Interrupt link LNKD configured for IRQ 11
[    0.770869] iommu: Default domain type: Translated 
[    0.771670] iommu: DMA domain TLB invalidation policy: lazy mode 
[    0.772729] SCSI subsystem initialized
[    0.773714] libata version 3.00 loaded.
[    0.773738] ACPI: bus type USB registered
[    0.774683] usbcore: registered new interface driver usbfs
[    0.775678] usbcore: registered new interface driver hub
[    0.776680] usbcore: registered new device driver usb
[    0.777693] pps_core: LinuxPPS API ver. 1 registered
[    0.778670] pps_core: Software ver. 5.3.6 - Copyright 2005-2007 Rodolfo Giometti <giometti@linux.it>
[    0.780675] PTP clock support registered
[    0.781737] Advanced Linux Sound Architecture Driver Initialized.
[    0.782805] NetLabel: Initializing
[    0.783670] NetLabel:  domain hash size = 128
[    0.784670] NetLabel:  protocols = UNLABELED CIPSOv4 CALIPSO
[    0.785690] NetLabel:  unlabeled traffic allowed by default
[    0.786713] PCI: Using ACPI for IRQ routing
[    0.787671] PCI: pci_cache_line_size set to 64 bytes
[    0.788422] e820: reserve RAM buffer [mem 0x0009fc00-0x0009ffff]
[    0.788425] e820: reserve RAM buffer [mem 0xdfff0000-0xdfffffff]
[    0.788511] pci 0000:00:02.0: vgaarb: setting as boot VGA device
[    0.788667] pci 0000:00:02.0: vgaarb: bridge control possible
[    0.788667] pci 0000:00:02.0: vgaarb: VGA device added: decodes=io+mem,owns=io+mem,locks=none
[    0.788671] vgaarb: loaded
[    0.789751] clocksource: Switched to clocksource kvm-clock
[    0.798817] VFS: Disk quotas dquot_6.6.0
[    0.802541] VFS: Dquot-cache hash table entries: 512 (order 0, 4096 bytes)
[    0.805784] pnp: PnP ACPI init
[    0.809204] pnp: PnP ACPI: found 2 devices
[    0.818265] clocksource: acpi_pm: mask: 0xffffff max_cycles: 0xffffff, max_idle_ns: 2085701024 ns
[    0.822165] NET: Registered PF_INET protocol family
[    0.824518] IP idents hash table entries: 131072 (order: 8, 1048576 bytes, linear)
[    0.828835] tcp_listen_portaddr_hash hash table entries: 4096 (order: 4, 65536 bytes, linear)
[    0.832697] Table-perturb hash table entries: 65536 (order: 6, 262144 bytes, linear)
[    0.836210] TCP established hash table entries: 65536 (order: 7, 524288 bytes, linear)
[    0.840228] TCP bind hash table entries: 65536 (order: 9, 2097152 bytes, linear)
[    0.843698] TCP: Hash tables configured (established 65536 bind 65536)
[    0.846613] UDP hash table entries: 4096 (order: 5, 131072 bytes, linear)
[    0.849591] UDP-Lite hash table entries: 4096 (order: 5, 131072 bytes, linear)
[    0.852854] NET: Registered PF_UNIX/PF_LOCAL protocol family
[    0.855455] RPC: Registered named UNIX socket transport module.
[    0.858086] RPC: Registered udp transport module.
[    0.860824] RPC: Registered tcp transport module.
[    0.862985] RPC: Registered tcp NFSv4.1 backchannel transport module.
[    0.866088] pci_bus 0000:00: resource 4 [io  0x0000-0x0cf7 window]
[    0.868863] pci_bus 0000:00: resource 5 [io  0x0d00-0xffff window]
[    0.871642] pci_bus 0000:00: resource 6 [mem 0x000a0000-0x000bffff window]
[    0.874631] pci_bus 0000:00: resource 7 [mem 0xe0000000-0xfdffffff window]
[    0.883420] PCI: CLS 0 bytes, default 64
[    0.885346] PCI-DMA: Using software bounce buffering for IO (SWIOTLB)
[    0.888169] software IO TLB: mapped [mem 0x00000000dbff0000-0x00000000dfff0000] (64MB)
[    0.891667] clocksource: tsc: mask: 0xffffffffffffffff max_cycles: 0x3274447638b, max_idle_ns: 440795215158 ns
[    0.895945] clocksource: Switched to clocksource tsc
[    0.898270] platform rtc_cmos: registered platform RTC device (no PNP device found)
[    0.902272] Initialise system trusted keyrings
[    0.904395] workingset: timestamp_bits=56 max_order=21 bucket_order=0
[    0.907335] NFS: Registering the id_resolver key type
[    0.909634] Key type id_resolver registered
[    0.911619] Key type id_legacy registered
[    0.913562] 9p: Installing v9fs 9p2000 file system support
[    0.916983] Key type asymmetric registered
[    0.921530] Asymmetric key parser 'x509' registered
[    0.923770] Block layer SCSI generic (bsg) driver version 0.4 loaded (major 251)
[    0.927094] io scheduler mq-deadline registered
[    0.929194] io scheduler kyber registered
[    0.931296] ACPI: AC: AC Adapter [AC] (on-line)
[    0.933436] input: Power Button as /devices/LNXSYSTM:00/LNXPWRBN:00/input/input0
[    0.936762] ACPI: button: Power Button [PWRF]
[    0.938894] input: Sleep Button as /devices/LNXSYSTM:00/LNXSLPBN:00/input/input1
[    0.942889] ACPI: button: Sleep Button [SLPF]
[    0.945044] ACPI: video: Video Device [GFX0] (multi-head: yes  rom: no  post: no)
[    0.948372] input: Video Bus as /devices/LNXSYSTM:00/LNXSYBUS:00/PNP0A03:00/LNXVIDEO:00/input/input2
[    0.953993] ACPI: battery: Slot [BAT0] (battery present)
[    0.956497] Serial: 8250/16550 driver, 4 ports, IRQ sharing enabled
[    0.960694] Non-volatile memory driver v1.3
[    0.962686] Linux agpgart interface v0.103
[    0.964649] ACPI: bus type drm_connector registered
[    0.967823] loop: module loaded
[    0.969462] ahci 0000:00:0d.0: version 3.0
[    0.970945] ahci 0000:00:0d.0: SSS flag set, parallel bus scan disabled
[    0.974676] ahci 0000:00:0d.0: AHCI 0001.0100 32 slots 1 ports 3 Gbps 0x1 impl SATA mode
[    0.978231] ahci 0000:00:0d.0: flags: 64bit ncq stag only ccc 
[    0.982548] scsi host0: ahci
[    0.984114] ata1: SATA max UDMA/133 abar m8192@0xf0806000 port 0xf0806100 irq 21
[    0.987897] ata_piix 0000:00:01.1: version 2.13
[    0.989606] scsi host1: ata_piix
[    0.991282] scsi host2: ata_piix
[    0.992917] ata2: PATA max UDMA/33 cmd 0x1f0 ctl 0x3f6 bmdma 0xd000 irq 14
[    0.995900] ata3: PATA max UDMA/33 cmd 0x170 ctl 0x376 bmdma 0xd008 irq 15
[    1.001449] e100: Intel(R) PRO/100 Network Driver
[    1.004121] e100: Copyright(c) 1999-2006 Intel Corporation
[    1.006594] e1000: Intel(R) PRO/1000 Network Driver
[    1.009200] e1000: Copyright (c) 1999-2006 Intel Corporation.
[    1.191702] ata3.00: ATAPI: VBOX CD-ROM, 1.0, max UDMA/133
[    1.300148] ata1: SATA link up 3.0 Gbps (SStatus 123 SControl 300)
[    1.303585] ata1.00: ATA-6: VBOX HARDDISK, 1.0, max UDMA/133
[    1.306105] ata1.00: 41943888 sectors, multi 128: LBA48 NCQ (depth 32)
[    1.318867] ata1.00: configured for UDMA/133
[    1.320898] scsi 0:0:0:0: Direct-Access     ATA      VBOX HARDDISK    1.0  PQ: 0 ANSI: 5
[    1.333475] scsi 0:0:0:0: Attached scsi generic sg0 type 0
[    1.335977] sd 0:0:0:0: [sda] 41943888 512-byte logical blocks: (21.5 GB/20.0 GiB)
[    1.339390] sd 0:0:0:0: [sda] Write Protect is off
[    1.341557] sd 0:0:0:0: [sda] Mode Sense: 00 3a 00 00
[    1.342682] scsi 2:0:0:0: CD-ROM            VBOX     CD-ROM           1.0  PQ: 0 ANSI: 5
[    1.348490] sd 0:0:0:0: [sda] Write cache: enabled, read cache: enabled, doesn't support DPO or FUA
[    1.352363] sd 0:0:0:0: [sda] Preferred minimum I/O size 512 bytes
[    1.366007] sr 2:0:0:0: [sr0] scsi3-mmc drive: 32x/32x xa/form2 tray
[    1.369322] cdrom: Uniform CD-ROM driver Revision: 3.20
[    1.395388] sr 2:0:0:0: Attached scsi CD-ROM sr0
[    1.395421] sr 2:0:0:0: Attached scsi generic sg1 type 5
[    1.401137] GPT:Primary header thinks Alt. header is not at the end of the disk.
[    1.404365] GPT:41943039 != 41943887
[    1.406087] GPT:Alternate GPT header not at the end of the disk.
[    1.409299] GPT:41943039 != 41943887
[    1.411019] GPT: Use GNU Parted to correct GPT errors.
[    1.413343]  sda: sda1 sda2 sda3
[    1.432629] sd 0:0:0:0: [sda] Attached SCSI disk
[    1.826554] e1000 0000:00:03.0 eth0: (PCI:33MHz:32-bit) 08:00:27:cd:42:99
[    1.829532] e1000 0000:00:03.0 eth0: Intel(R) PRO/1000 Network Connection
[    1.832903] e1000e: Intel(R) PRO/1000 Network Driver
[    1.835157] e1000e: Copyright(c) 1999 - 2015 Intel Corporation.
[    1.837790] sky2: driver version 1.30
[    1.840988] ehci-pci 0000:00:0b.0: EHCI Host Controller
[    1.844626] ehci-pci 0000:00:0b.0: new USB bus registered, assigned bus number 1
[    1.849198] ehci-pci 0000:00:0b.0: irq 19, io mem 0xf0805000
[    1.859349] ehci-pci 0000:00:0b.0: USB 2.0 started, EHCI 1.00
[    1.861976] usb usb1: New USB device found, idVendor=1d6b, idProduct=0002, bcdDevice= 6.03
[    1.865565] usb usb1: New USB device strings: Mfr=3, Product=2, SerialNumber=1
[    1.868781] usb usb1: Product: EHCI Host Controller
[    1.871558] usb usb1: Manufacturer: Linux 6.3.0-thor_kernel-g17214b70a159-dirty ehci_hcd
[    1.875101] usb usb1: SerialNumber: 0000:00:0b.0
[    1.877335] hub 1-0:1.0: USB hub found
[    1.879158] hub 1-0:1.0: 12 ports detected
[    1.881701] ohci-pci 0000:00:06.0: OHCI PCI host controller
[    1.884231] ohci-pci 0000:00:06.0: new USB bus registered, assigned bus number 2
[    1.888131] ohci-pci 0000:00:06.0: irq 22, io mem 0xf0804000
[    1.945539] usb usb2: New USB device found, idVendor=1d6b, idProduct=0001, bcdDevice= 6.03
[    1.949256] usb usb2: New USB device strings: Mfr=3, Product=2, SerialNumber=1
[    1.952411] usb usb2: Product: OHCI PCI host controller
[    1.954731] usb usb2: Manufacturer: Linux 6.3.0-thor_kernel-g17214b70a159-dirty ohci_hcd
[    1.958218] usb usb2: SerialNumber: 0000:00:06.0
[    1.960407] hub 2-0:1.0: USB hub found
[    1.962852] hub 2-0:1.0: 12 ports detected
[    1.966947] usbcore: registered new interface driver usblp
[    1.969407] usbcore: registered new interface driver usb-storage
[    1.972138] i8042: PNP: PS/2 Controller [PNP0303:PS2K,PNP0f03:PS2M] at 0x60,0x64 irq 1,12
[    1.979361] serio: i8042 KBD port at 0x60,0x64 irq 1
[    1.981651] serio: i8042 AUX port at 0x60,0x64 irq 12
[    1.986063] input: AT Translated Set 2 keyboard as /devices/platform/i8042/serio0/input/input3
[    1.996014] rtc_cmos rtc_cmos: registered as rtc0
[    1.998368] rtc_cmos rtc_cmos: alarms up to one day, 114 bytes nvram
[    2.005080] fail to initialize ptp_kvm
[    2.005123] device-mapper: ioctl: 4.47.0-ioctl (2022-07-28) initialised: dm-devel@redhat.com
[    2.015275] hid: raw HID events driver (C) Jiri Kosina
[    2.017739] usbcore: registered new interface driver usbhid
[    2.020230] usbhid: USB HID core driver
[    2.022770] Initializing XFRM netlink socket
[    2.025373] NET: Registered PF_INET6 protocol family
[    2.027822] Segment Routing with IPv6
[    2.029611] In-situ OAM (IOAM) with IPv6
[    2.031513] sit: IPv6, IPv4 and MPLS over IPv4 tunneling driver
[    2.034255] NET: Registered PF_PACKET protocol family
[    2.036587] 9pnet: Installing 9P2000 support
[    2.038600] Key type dns_resolver registered
[    2.040733] IPI shorthand broadcast: enabled
[    2.043697] sched_clock: Marking stable (1594029311, 448667841)->(2350324864, -307627712)
[    2.048745] registered taskstats version 1
[    2.050686] Loading compiled-in X.509 certificates
[    2.054088] PM:   Magic number: 15:724:12
[    2.056048] printk: console [netcon0] enabled
[    2.058077] netconsole: network logging started
[    2.060222] cfg80211: Loading compiled-in X.509 certificates for regulatory database
[    2.063710] kworker/u2:3 (48) used greatest stack depth: 14768 bytes left
[    2.067429] kworker/u2:3 (49) used greatest stack depth: 14744 bytes left
[    2.070554] Loaded X.509 cert 'sforshee: 00b28ddf47aef9cea7'
[    2.073106] platform regulatory.0: Direct firmware load for regulatory.db failed with error -2
[    2.076846] ALSA device list:
[    2.078364] cfg80211: failed to load regulatory.db
[    2.080567]   No soundcards found.
[    2.243293] input: ImExPS/2 Generic Explorer Mouse as /devices/platform/i8042/serio1/input/input5
[    2.247515] md: Waiting for all devices to be available before autodetect
[    2.250515] md: If you don't use raid, use raid=noautodetect
[    2.253048] md: Autodetecting RAID arrays.
[    2.254977] md: autorun ...
[    2.256407] md: ... autorun DONE.
[    2.267721] EXT4-fs (sda3): mounted filesystem 3b1cd1f1-96ae-44e8-b9ab-20089a80262f with ordered data mode. Quota mode: none.
[    2.272624] VFS: Mounted root (ext4 filesystem) readonly on device 8:3.
[    2.277340] devtmpfs: mounted
[    2.279612] Freeing unused kernel image (initmem) memory: 2568K
[    2.282307] Write protecting the kernel read-only data: 26624k
[    2.286360] Freeing unused kernel image (rodata/data gap) memory: 1836K
[    2.289743] Run /sbin/init as init process
[    2.291680]   with arguments:
[    2.291681]     /sbin/init
[    2.291682]   with environment:
[    2.291683]     HOME=/
[    2.291683]     TERM=linux
[    2.291684]     BOOT_IMAGE=/vmlinuz-6.3.0-rc3-00012-g17214b70a159
[    2.384476] stty (55) used greatest stack depth: 13696 bytes left
[    2.401735] dmesg (56) used greatest stack depth: 13608 bytes left
[    2.546042] ip (107) used greatest stack depth: 13000 bytes left
[    2.618262] udevd[132]: starting version 3.2.11
[    2.656396] udevd[133]: starting eudev-3.2.11
[    2.735688] e1000 0000:00:03.0 enp0s3: renamed from eth0
[    3.240333] Adding 2045948k swap on /dev/sda2.  Priority:1 extents:1 across:2045948k 
[    3.265373] EXT4-fs (sda3): re-mounted 3b1cd1f1-96ae-44e8-b9ab-20089a80262f. Quota mode: none.
[    3.340311] EXT4-fs (sda3): re-mounted 3b1cd1f1-96ae-44e8-b9ab-20089a80262f. Quota mode: none.
[    3.366108] EXT4-fs (sda1): mounting ext2 file system using the ext4 subsystem
[    3.372024] EXT4-fs (sda1): mounted filesystem 72acf532-d30c-49f1-9f21-50cc2c5f5e17 without journal. Quota mode: none.
[    3.376501] ext2 filesystem being mounted at /boot supports timestamps until 2038 (0x7fffffff)
[    4.616824] e1000: enp0s3 NIC Link is Up 1000 Mbps Full Duplex, Flow Control: RX
[    4.630206] IPv6: ADDRCONF(NETDEV_CHANGE): enp0s3: link becomes ready
[  153.428612] usb 2-1: new full-speed USB device number 2 using ohci-pci
[  153.730619] usb 2-1: New USB device found, idVendor=1b1c, idProduct=1b2d, bcdDevice= 3.21
[  153.734765] usb 2-1: New USB device strings: Mfr=1, Product=2, SerialNumber=3
[  153.737906] usb 2-1: Product: Corsair Gaming K95 RGB PLATINUM Keyboard
[  153.741179] usb 2-1: Manufacturer: Corsair
[  153.743115] usb 2-1: SerialNumber: 1500B00DAF2989235A8DB517F5001BC7
[  153.774288] input: Corsair Corsair Gaming K95 RGB PLATINUM Keyboard as /devices/pci0000:00/0000:00:06.0/usb2/2-1/2-1:1.0/0003:1B1C:1B2D.0001/input/input6
[  153.832946] input: Corsair Corsair Gaming K95 RGB PLATINUM Keyboard as /devices/pci0000:00/0000:00:06.0/usb2/2-1/2-1:1.0/0003:1B1C:1B2D.0001/input/input7
[  153.838988] input: Corsair Corsair Gaming K95 RGB PLATINUM Keyboard as /devices/pci0000:00/0000:00:06.0/usb2/2-1/2-1:1.0/0003:1B1C:1B2D.0001/input/input8
[  153.844935] input: Corsair Corsair Gaming K95 RGB PLATINUM Keyboard Mouse as /devices/pci0000:00/0000:00:06.0/usb2/2-1/2-1:1.0/0003:1B1C:1B2D.0001/input/input9
[  153.851781] hid-generic 0003:1B1C:1B2D.0001: input,hiddev96,hidraw0: USB HID v1.11 Keyboard [Corsair Corsair Gaming K95 RGB PLATINUM Keyboard] on usb-0000:00:06.0-1/input0
[  153.876693] hid-generic 0003:1B1C:1B2D.0002: hiddev97,hidraw1: USB HID v1.11 Device [Corsair Corsair Gaming K95 RGB PLATINUM Keyboard] on usb-0000:00:06.0-1/input1
[  153.887282] main: loading out-of-tree module taints kernel.
[  153.889949] USB Keybord Driver - Init module
[  153.893291] usbcore: registered new interface driver USB Keyboard Driver
[  165.543070] usb 2-1: USB disconnect, device number 2
