[    0.000000] Linux version 6.3.0-rc4-next-20230328 (mhouppin@mhouppin) (gcc (GCC) 12.2.0, GNU ld (GNU Binutils) 2.39) #1 SMP PREEMPT_DYNAMIC Thu Mar 23 19:34:14 CET 2023
[    0.000000] Command line: BOOT_IMAGE=/vmlinuz-6.3.0-rc4-next-20230328 root=/dev/sda3 ro
[    0.000000] [Firmware Bug]: TSC doesn't count with P0 frequency!
[    0.000000] x86/fpu: x87 FPU will use FXSAVE
[    0.000000] signal: max sigframe size: 1440
[    0.000000] BIOS-provided physical RAM map:
[    0.000000] BIOS-e820: [mem 0x0000000000000000-0x000000000009fbff] usable
[    0.000000] BIOS-e820: [mem 0x000000000009fc00-0x000000000009ffff] reserved
[    0.000000] BIOS-e820: [mem 0x00000000000f0000-0x00000000000fffff] reserved
[    0.000000] BIOS-e820: [mem 0x0000000000100000-0x00000000dffeffff] usable
[    0.000000] BIOS-e820: [mem 0x00000000dfff0000-0x00000000dfffffff] ACPI data
[    0.000000] BIOS-e820: [mem 0x00000000fec00000-0x00000000fec00fff] reserved
[    0.000000] BIOS-e820: [mem 0x00000000fee00000-0x00000000fee00fff] reserved
[    0.000000] BIOS-e820: [mem 0x00000000fffc0000-0x00000000ffffffff] reserved
[    0.000000] BIOS-e820: [mem 0x0000000100000000-0x000000021fffffff] usable
[    0.000000] NX (Execute Disable) protection: active
[    0.000000] SMBIOS 2.5 present.
[    0.000000] DMI: innotek GmbH VirtualBox/VirtualBox, BIOS VirtualBox 12/01/2006
[    0.000000] Hypervisor detected: KVM
[    0.000000] kvm-clock: Using msrs 4b564d01 and 4b564d00
[    0.000001] kvm-clock: using sched offset of 88709585076897 cycles
[    0.000003] clocksource: kvm-clock: mask: 0xffffffffffffffff max_cycles: 0x1cd42e4dffb, max_idle_ns: 881590591483 ns
[    0.000006] tsc: Detected 3500.258 MHz processor
[    0.001000] e820: update [mem 0x00000000-0x00000fff] usable ==> reserved
[    0.001000] e820: remove [mem 0x000a0000-0x000fffff] usable
[    0.001000] last_pfn = 0x220000 max_arch_pfn = 0x400000000
[    0.001000] MTRRs disabled by BIOS
[    0.001000] x86/PAT: Configuration [0-7]: WB  WC  UC- UC  WB  WP  UC- WT  
[    0.001000] last_pfn = 0xdfff0 max_arch_pfn = 0x400000000
[    0.001000] found SMP MP-table at [mem 0x0009fff0-0x0009ffff]
[    0.001000] ACPI: Early table checksum verification disabled
[    0.001000] ACPI: RSDP 0x00000000000E0000 000024 (v02 VBOX  )
[    0.001000] ACPI: XSDT 0x00000000DFFF0030 00003C (v01 VBOX   VBOXXSDT 00000001 ASL  00000061)
[    0.001000] ACPI: FACP 0x00000000DFFF00F0 0000F4 (v04 VBOX   VBOXFACP 00000001 ASL  00000061)
[    0.001000] ACPI: DSDT 0x00000000DFFF0610 002353 (v02 VBOX   VBOXBIOS 00000002 INTL 20100528)
[    0.001000] ACPI: FACS 0x00000000DFFF0200 000040
[    0.001000] ACPI: FACS 0x00000000DFFF0200 000040
[    0.001000] ACPI: APIC 0x00000000DFFF0240 000054 (v02 VBOX   VBOXAPIC 00000001 ASL  00000061)
[    0.001000] ACPI: SSDT 0x00000000DFFF02A0 00036C (v01 VBOX   VBOXCPUT 00000002 INTL 20100528)
[    0.001000] ACPI: Reserving FACP table memory at [mem 0xdfff00f0-0xdfff01e3]
[    0.001000] ACPI: Reserving DSDT table memory at [mem 0xdfff0610-0xdfff2962]
[    0.001000] ACPI: Reserving FACS table memory at [mem 0xdfff0200-0xdfff023f]
[    0.001000] ACPI: Reserving FACS table memory at [mem 0xdfff0200-0xdfff023f]
[    0.001000] ACPI: Reserving APIC table memory at [mem 0xdfff0240-0xdfff0293]
[    0.001000] ACPI: Reserving SSDT table memory at [mem 0xdfff02a0-0xdfff060b]
[    0.001000] No NUMA configuration found
[    0.001000] Faking a node at [mem 0x0000000000000000-0x000000021fffffff]
[    0.001000] NODE_DATA(0) allocated [mem 0x21fff8000-0x21fffbfff]
[    0.001000] Zone ranges:
[    0.001000]   DMA      [mem 0x0000000000001000-0x0000000000ffffff]
[    0.001000]   DMA32    [mem 0x0000000001000000-0x00000000ffffffff]
[    0.001000]   Normal   [mem 0x0000000100000000-0x000000021fffffff]
[    0.001000] Movable zone start for each node
[    0.001000] Early memory node ranges
[    0.001000]   node   0: [mem 0x0000000000001000-0x000000000009efff]
[    0.001000]   node   0: [mem 0x0000000000100000-0x00000000dffeffff]
[    0.001000]   node   0: [mem 0x0000000100000000-0x000000021fffffff]
[    0.001000] Initmem setup node 0 [mem 0x0000000000001000-0x000000021fffffff]
[    0.001000] On node 0, zone DMA: 1 pages in unavailable ranges
[    0.001000] On node 0, zone DMA: 97 pages in unavailable ranges
[    0.001000] On node 0, zone Normal: 16 pages in unavailable ranges
[    0.001000] ACPI: PM-Timer IO Port: 0x4008
[    0.001000] IOAPIC[0]: apic_id 1, version 32, address 0xfec00000, GSI 0-23
[    0.001000] ACPI: INT_SRC_OVR (bus 0 bus_irq 0 global_irq 2 dfl dfl)
[    0.001000] ACPI: INT_SRC_OVR (bus 0 bus_irq 9 global_irq 9 low level)
[    0.001000] ACPI: Using ACPI (MADT) for SMP configuration information
[    0.001000] smpboot: Allowing 1 CPUs, 0 hotplug CPUs
[    0.001000] PM: hibernation: Registered nosave memory: [mem 0x00000000-0x00000fff]
[    0.001000] PM: hibernation: Registered nosave memory: [mem 0x0009f000-0x0009ffff]
[    0.001000] PM: hibernation: Registered nosave memory: [mem 0x000a0000-0x000effff]
[    0.001000] PM: hibernation: Registered nosave memory: [mem 0x000f0000-0x000fffff]
[    0.001000] PM: hibernation: Registered nosave memory: [mem 0xdfff0000-0xdfffffff]
[    0.001000] PM: hibernation: Registered nosave memory: [mem 0xe0000000-0xfebfffff]
[    0.001000] PM: hibernation: Registered nosave memory: [mem 0xfec00000-0xfec00fff]
[    0.001000] PM: hibernation: Registered nosave memory: [mem 0xfec01000-0xfedfffff]
[    0.001000] PM: hibernation: Registered nosave memory: [mem 0xfee00000-0xfee00fff]
[    0.001000] PM: hibernation: Registered nosave memory: [mem 0xfee01000-0xfffbffff]
[    0.001000] PM: hibernation: Registered nosave memory: [mem 0xfffc0000-0xffffffff]
[    0.001000] [mem 0xe0000000-0xfebfffff] available for PCI devices
[    0.001000] Booting paravirtualized kernel on KVM
[    0.001000] clocksource: refined-jiffies: mask: 0xffffffff max_cycles: 0xffffffff, max_idle_ns: 1910969940391419 ns
[    0.001000] setup_percpu: NR_CPUS:64 nr_cpumask_bits:1 nr_cpu_ids:1 nr_node_ids:1
[    0.001000] percpu: Embedded 53 pages/cpu s178792 r8192 d30104 u2097152
[    0.001000] pcpu-alloc: s178792 r8192 d30104 u2097152 alloc=1*2097152
[    0.001000] pcpu-alloc: [0] 0 
[    0.001000] Kernel command line: BOOT_IMAGE=/vmlinuz-6.3.0-rc4-next-20230328 root=/dev/sda3 ro
[    0.001000] Unknown kernel command line parameters "BOOT_IMAGE=/vmlinuz-6.3.0-rc4-next-20230328", will be passed to user space.
[    0.001000] random: crng init done
[    0.001000] Dentry cache hash table entries: 1048576 (order: 11, 8388608 bytes, linear)
[    0.001000] Inode-cache hash table entries: 524288 (order: 10, 4194304 bytes, linear)
[    0.001000] Fallback order for Node 0: 0 
[    0.001000] Built 1 zonelists, mobility grouping on.  Total pages: 2064112
[    0.001000] Policy zone: Normal
[    0.001000] mem auto-init: stack:all(zero), heap alloc:off, heap free:off
[    0.001000] software IO TLB: area num 1.
[    0.001000] Memory: 8138320K/8388152K available (18432K kernel code, 2709K rwdata, 6392K rodata, 2572K init, 1592K bss, 249572K reserved, 0K cma-reserved)
[    0.001000] SLUB: HWalign=64, Order=0-3, MinObjects=0, CPUs=1, Nodes=1
[    0.001000] Dynamic Preempt: voluntary
[    0.001000] rcu: Preemptible hierarchical RCU implementation.
[    0.001000] rcu: 	RCU event tracing is enabled.
[    0.001000] rcu: 	RCU restricting CPUs from NR_CPUS=64 to nr_cpu_ids=1.
[    0.001000] 	Trampoline variant of Tasks RCU enabled.
[    0.001000] rcu: RCU calculated value of scheduler-enlistment delay is 100 jiffies.
[    0.001000] rcu: Adjusting geometry for rcu_fanout_leaf=16, nr_cpu_ids=1
[    0.001000] NR_IRQS: 4352, nr_irqs: 256, preallocated irqs: 16
[    0.001000] rcu: srcu_init: Setting srcu_struct sizes based on contention.
[    0.001000] Console: colour VGA+ 80x25
[    0.001000] printk: console [tty0] enabled
[    0.001000] ACPI: Core revision 20221020
[    0.001000] APIC: Switch to symmetric I/O mode setup
[    0.001000] ..TIMER: vector=0x30 apic1=0 pin1=2 apic2=-1 pin2=-1
[    0.001000] clocksource: tsc-early: mask: 0xffffffffffffffff max_cycles: 0x3274447638b, max_idle_ns: 440795215158 ns
[    0.449910] Calibrating delay loop (skipped) preset value.. 7000.51 BogoMIPS (lpj=3500258)
[    0.450910] pid_max: default: 32768 minimum: 301
[    0.451927] LSM: initializing lsm=capability,selinux,integrity
[    0.452911] SELinux:  Initializing.
[    0.453944] Mount-cache hash table entries: 16384 (order: 5, 131072 bytes, linear)
[    0.454920] Mountpoint-cache hash table entries: 16384 (order: 5, 131072 bytes, linear)
[    0.457800] CPU0: Hyper-Threading is disabled
[    0.457966] Last level iTLB entries: 4KB 1024, 2MB 1024, 4MB 512
[    0.458909] Last level dTLB entries: 4KB 2048, 2MB 2048, 4MB 1024, 1GB 0
[    0.459913] Spectre V1 : Mitigation: usercopy/swapgs barriers and __user pointer sanitization
[    0.460909] Spectre V2 : Mitigation: Retpolines
[    0.461909] Spectre V2 : Spectre v2 / SpectreRSB mitigation: Filling RSB on context switch
[    0.462909] Spectre V2 : Spectre v2 / SpectreRSB : Filling RSB on VMEXIT
[    0.463909] RETBleed: Mitigation: untrained return thunk
[    0.466906] Freeing SMP alternatives memory: 48K
[    0.571909] APIC calibration not consistent with PM-Timer: 103ms instead of 100ms
[    0.572906] APIC delta adjusted to PM-Timer: 6300430 (6499008)
[    0.573316] smpboot: CPU0: AMD Ryzen 9 3950X 16-Core Processor (family: 0x17, model: 0x71, stepping: 0x0)
[    0.574033] RCU Tasks: Setting shift to 0 and lim to 1 rcu_task_cb_adjust=1.
[    0.574929] Performance Events: PMU not available due to virtualization, using software events only.
[    0.575945] rcu: Hierarchical SRCU implementation.
[    0.576909] rcu: 	Max phase no-delay instances is 400.
[    0.579068] smp: Bringing up secondary CPUs ...
[    0.579911] smp: Brought up 1 node, 1 CPU
[    0.580909] smpboot: Max logical packages: 1
[    0.581909] smpboot: Total of 1 processors activated (7000.51 BogoMIPS)
[    0.583283] devtmpfs: initialized
[    0.584080] clocksource: jiffies: mask: 0xffffffff max_cycles: 0xffffffff, max_idle_ns: 1911260446275000 ns
[    0.584912] futex hash table entries: 256 (order: 2, 16384 bytes, linear)
[    0.586367] PM: RTC time: 20:25:10, date: 2023-03-23
[    0.586982] NET: Registered PF_NETLINK/PF_ROUTE protocol family
[    0.587982] audit: initializing netlink subsys (disabled)
[    0.588999] thermal_sys: Registered thermal governor 'step_wise'
[    0.589001] thermal_sys: Registered thermal governor 'user_space'
[    0.589923] cpuidle: using governor menu
[    0.595189] audit: type=2000 audit(1680170067.737:1): state=initialized audit_enabled=0 res=1
[    0.597389] PCI: Using configuration type 1 for base access
[    0.597909] PCI: Using configuration type 1 for extended access
[    0.599010] kprobes: kprobe jump-optimization is enabled. All kprobes are optimized if possible.
[    0.610906] HugeTLB: registered 2.00 MiB page size, pre-allocated 0 pages
[    0.611910] HugeTLB: 28 KiB vmemmap can be freed for a 2.00 MiB page
[    0.613061] ACPI: Added _OSI(Module Device)
[    0.613909] ACPI: Added _OSI(Processor Device)
[    0.615910] ACPI: Added _OSI(3.0 _SCP Extensions)
[    0.616913] ACPI: Added _OSI(Processor Aggregator Device)
[    0.619629] ACPI: 2 ACPI AML tables successfully acquired and loaded
[    0.626440] ACPI: Interpreter enabled
[    0.626918] ACPI: PM: (supports S0 S5)
[    0.629909] ACPI: Using IOAPIC for interrupt routing
[    0.632330] PCI: Using host bridge windows from ACPI; if necessary, use "pci=nocrs" and report a bug
[    0.632909] PCI: Using E820 reservations for host bridge windows
[    0.634065] ACPI: Enabled 2 GPEs in block 00 to 07
[    0.652326] ACPI: PCI Root Bridge [PCI0] (domain 0000 [bus 00-ff])
[    0.652913] acpi PNP0A03:00: _OSC: OS supports [ExtendedConfig ASPM ClockPM Segments MSI HPX-Type3]
[    0.656106] acpi PNP0A03:00: _OSC: platform does not support [PCIeCapability LTR]
[    0.659201] acpi PNP0A03:00: _OSC: not requesting control; platform does not support [PCIeCapability]
[    0.659910] acpi PNP0A03:00: _OSC: OS requested [PME PCIeCapability LTR]
[    0.660910] acpi PNP0A03:00: _OSC: platform willing to grant [PME]
[    0.661910] acpi PNP0A03:00: _OSC: platform retains control of PCIe features (AE_SUPPORT)
[    0.663978] PCI host bridge to bus 0000:00
[    0.664910] pci_bus 0000:00: root bus resource [io  0x0000-0x0cf7 window]
[    0.665910] pci_bus 0000:00: root bus resource [io  0x0d00-0xffff window]
[    0.666910] pci_bus 0000:00: root bus resource [mem 0x000a0000-0x000bffff window]
[    0.667910] pci_bus 0000:00: root bus resource [mem 0xe0000000-0xfdffffff window]
[    0.668910] pci_bus 0000:00: root bus resource [bus 00-ff]
[    0.671234] pci 0000:00:01.0: [8086:7000] type 00 class 0x060100
[    0.677024] pci 0000:00:01.1: [8086:7111] type 00 class 0x01018a
[    0.681327] pci 0000:00:01.1: reg 0x20: [io  0xd000-0xd00f]
[    0.683983] pci 0000:00:01.1: legacy IDE quirk: reg 0x10: [io  0x01f0-0x01f7]
[    0.684910] pci 0000:00:01.1: legacy IDE quirk: reg 0x14: [io  0x03f6]
[    0.685909] pci 0000:00:01.1: legacy IDE quirk: reg 0x18: [io  0x0170-0x0177]
[    0.686910] pci 0000:00:01.1: legacy IDE quirk: reg 0x1c: [io  0x0376]
[    0.689296] pci 0000:00:02.0: [15ad:0405] type 00 class 0x030000
[    0.691156] pci 0000:00:02.0: reg 0x10: [io  0xd010-0xd01f]
[    0.693171] pci 0000:00:02.0: reg 0x14: [mem 0xe0000000-0xe0ffffff pref]
[    0.695155] pci 0000:00:02.0: reg 0x18: [mem 0xf0000000-0xf01fffff]
[    0.700345] pci 0000:00:02.0: Video device with shadowed ROM at [mem 0x000c0000-0x000dffff]
[    0.703283] pci 0000:00:03.0: [8086:100e] type 00 class 0x020000
[    0.705112] pci 0000:00:03.0: reg 0x10: [mem 0xf0200000-0xf021ffff]
[    0.707457] pci 0000:00:03.0: reg 0x18: [io  0xd020-0xd027]
[    0.711774] pci 0000:00:04.0: [80ee:cafe] type 00 class 0x088000
[    0.713146] pci 0000:00:04.0: reg 0x10: [io  0xd040-0xd05f]
[    0.714909] pci 0000:00:04.0: reg 0x14: [mem 0xf0400000-0xf07fffff]
[    0.716420] pci 0000:00:04.0: reg 0x18: [mem 0xf0800000-0xf0803fff pref]
[    0.719723] pci 0000:00:05.0: [8086:2415] type 00 class 0x040100
[    0.720909] pci 0000:00:05.0: reg 0x10: [io  0xd100-0xd1ff]
[    0.722163] pci 0000:00:05.0: reg 0x14: [io  0xd200-0xd23f]
[    0.725909] pci 0000:00:06.0: [106b:003f] type 00 class 0x0c0310
[    0.728039] pci 0000:00:06.0: reg 0x10: [mem 0xf0804000-0xf0804fff]
[    0.731910] pci 0000:00:07.0: [8086:7113] type 00 class 0x068000
[    0.735204] pci 0000:00:07.0: quirk: [io  0x4000-0x403f] claimed by PIIX4 ACPI
[    0.735948] pci 0000:00:07.0: quirk: [io  0x4100-0x410f] claimed by PIIX4 SMB
[    0.738640] pci 0000:00:0b.0: [8086:265c] type 00 class 0x0c0320
[    0.740330] pci 0000:00:0b.0: reg 0x10: [mem 0xf0805000-0xf0805fff]
[    0.744166] pci 0000:00:0d.0: [8086:2829] type 00 class 0x010601
[    0.746031] pci 0000:00:0d.0: reg 0x10: [io  0xd240-0xd247]
[    0.747202] pci 0000:00:0d.0: reg 0x14: [io  0xd248-0xd24b]
[    0.748203] pci 0000:00:0d.0: reg 0x18: [io  0xd250-0xd257]
[    0.750207] pci 0000:00:0d.0: reg 0x1c: [io  0xd258-0xd25b]
[    0.751204] pci 0000:00:0d.0: reg 0x20: [io  0xd260-0xd26f]
[    0.753102] pci 0000:00:0d.0: reg 0x24: [mem 0xf0806000-0xf0807fff]
[    0.760694] ACPI: PCI: Interrupt link LNKA configured for IRQ 11
[    0.761926] ACPI: PCI: Interrupt link LNKB configured for IRQ 10
[    0.763131] ACPI: PCI: Interrupt link LNKC configured for IRQ 9
[    0.764992] ACPI: PCI: Interrupt link LNKD configured for IRQ 11
[    0.766102] iommu: Default domain type: Translated 
[    0.766909] iommu: DMA domain TLB invalidation policy: lazy mode 
[    0.767981] SCSI subsystem initialized
[    0.768955] libata version 3.00 loaded.
[    0.768978] ACPI: bus type USB registered
[    0.769922] usbcore: registered new interface driver usbfs
[    0.770917] usbcore: registered new interface driver hub
[    0.771918] usbcore: registered new device driver usb
[    0.772931] pps_core: LinuxPPS API ver. 1 registered
[    0.773909] pps_core: Software ver. 5.3.6 - Copyright 2005-2007 Rodolfo Giometti <giometti@linux.it>
[    0.774916] PTP clock support registered
[    0.775983] Advanced Linux Sound Architecture Driver Initialized.
[    0.777043] NetLabel: Initializing
[    0.777909] NetLabel:  domain hash size = 128
[    0.778909] NetLabel:  protocols = UNLABELED CIPSOv4 CALIPSO
[    0.779929] NetLabel:  unlabeled traffic allowed by default
[    0.780952] PCI: Using ACPI for IRQ routing
[    0.781909] PCI: pci_cache_line_size set to 64 bytes
[    0.782668] e820: reserve RAM buffer [mem 0x0009fc00-0x0009ffff]
[    0.782672] e820: reserve RAM buffer [mem 0xdfff0000-0xdfffffff]
[    0.782763] pci 0000:00:02.0: vgaarb: setting as boot VGA device
[    0.782906] pci 0000:00:02.0: vgaarb: bridge control possible
[    0.782906] pci 0000:00:02.0: vgaarb: VGA device added: decodes=io+mem,owns=io+mem,locks=none
[    0.782910] vgaarb: loaded
[    0.783991] clocksource: Switched to clocksource kvm-clock
[    0.789517] VFS: Disk quotas dquot_6.6.0
[    0.796327] VFS: Dquot-cache hash table entries: 512 (order 0, 4096 bytes)
[    0.799407] pnp: PnP ACPI init
[    0.803268] pnp: PnP ACPI: found 2 devices
[    0.812171] clocksource: acpi_pm: mask: 0xffffff max_cycles: 0xffffff, max_idle_ns: 2085701024 ns
[    0.816058] NET: Registered PF_INET protocol family
[    0.818812] IP idents hash table entries: 131072 (order: 8, 1048576 bytes, linear)
[    0.823133] tcp_listen_portaddr_hash hash table entries: 4096 (order: 4, 65536 bytes, linear)
[    0.827116] Table-perturb hash table entries: 65536 (order: 6, 262144 bytes, linear)
[    0.830572] TCP established hash table entries: 65536 (order: 7, 524288 bytes, linear)
[    0.834118] TCP bind hash table entries: 65536 (order: 9, 2097152 bytes, linear)
[    0.837515] TCP: Hash tables configured (established 65536 bind 65536)
[    0.841066] UDP hash table entries: 4096 (order: 5, 131072 bytes, linear)
[    0.844030] UDP-Lite hash table entries: 4096 (order: 5, 131072 bytes, linear)
[    0.847284] NET: Registered PF_UNIX/PF_LOCAL protocol family
[    0.849892] RPC: Registered named UNIX socket transport module.
[    0.852538] RPC: Registered udp transport module.
[    0.854742] RPC: Registered tcp transport module.
[    0.856916] RPC: Registered tcp NFSv4.1 backchannel transport module.
[    0.860040] pci_bus 0000:00: resource 4 [io  0x0000-0x0cf7 window]
[    0.863194] pci_bus 0000:00: resource 5 [io  0x0d00-0xffff window]
[    0.865962] pci_bus 0000:00: resource 6 [mem 0x000a0000-0x000bffff window]
[    0.869017] pci_bus 0000:00: resource 7 [mem 0xe0000000-0xfdffffff window]
[    0.877160] PCI: CLS 0 bytes, default 64
[    0.879072] PCI-DMA: Using software bounce buffering for IO (SWIOTLB)
[    0.881890] software IO TLB: mapped [mem 0x00000000dbff0000-0x00000000dfff0000] (64MB)
[    0.885824] clocksource: tsc: mask: 0xffffffffffffffff max_cycles: 0x3274447638b, max_idle_ns: 440795215158 ns
[    0.890112] clocksource: Switched to clocksource tsc
[    0.892408] platform rtc_cmos: registered platform RTC device (no PNP device found)
[    0.896045] Initialise system trusted keyrings
[    0.898161] workingset: timestamp_bits=56 max_order=21 bucket_order=0
[    0.901129] NFS: Registering the id_resolver key type
[    0.904098] Key type id_resolver registered
[    0.906076] Key type id_legacy registered
[    0.908024] 9p: Installing v9fs 9p2000 file system support
[    0.913611] Key type asymmetric registered
[    0.915546] Asymmetric key parser 'x509' registered
[    0.917785] Block layer SCSI generic (bsg) driver version 0.4 loaded (major 251)
[    0.921067] io scheduler mq-deadline registered
[    0.923177] io scheduler kyber registered
[    0.925720] ACPI: AC: AC Adapter [AC] (on-line)
[    0.927872] input: Power Button as /devices/LNXSYSTM:00/LNXPWRBN:00/input/input0
[    0.931197] ACPI: button: Power Button [PWRF]
[    0.933330] input: Sleep Button as /devices/LNXSYSTM:00/LNXSLPBN:00/input/input1
[    0.936754] ACPI: button: Sleep Button [SLPF]
[    0.938929] ACPI: video: Video Device [GFX0] (multi-head: yes  rom: no  post: no)
[    0.942298] input: Video Bus as /devices/LNXSYSTM:00/LNXSYBUS:00/PNP0A03:00/LNXVIDEO:00/input/input2
[    0.948428] Serial: 8250/16550 driver, 4 ports, IRQ sharing enabled
[    0.951878] Non-volatile memory driver v1.3
[    0.953857] Linux agpgart interface v0.103
[    0.955836] ACPI: bus type drm_connector registered
[    0.959044] loop: module loaded
[    0.960716] ahci 0000:00:0d.0: version 3.0
[    0.962205] ahci 0000:00:0d.0: SSS flag set, parallel bus scan disabled
[    0.966501] ahci 0000:00:0d.0: AHCI 0001.0100 32 slots 1 ports 3 Gbps 0x1 impl SATA mode
[    0.970043] ahci 0000:00:0d.0: flags: 64bit ncq stag only ccc 
[    0.973862] scsi host0: ahci
[    0.975437] ata1: SATA max UDMA/133 abar m8192@0xf0806000 port 0xf0806100 irq 21
[    0.979197] ata_piix 0000:00:01.1: version 2.13
[    0.980899] scsi host1: ata_piix
[    0.982582] scsi host2: ata_piix
[    0.984226] ata2: PATA max UDMA/33 cmd 0x1f0 ctl 0x3f6 bmdma 0xd000 irq 14
[    0.987644] ata3: PATA max UDMA/33 cmd 0x170 ctl 0x376 bmdma 0xd008 irq 15
[    0.993295] e100: Intel(R) PRO/100 Network Driver
[    0.995470] e100: Copyright(c) 1999-2006 Intel Corporation
[    0.998146] e1000: Intel(R) PRO/1000 Network Driver
[    1.000367] e1000: Copyright (c) 1999-2006 Intel Corporation.
[    1.073138] battery: probe of PNP0C0A:00 failed with error -2
[    1.185459] ata3.00: ATAPI: VBOX CD-ROM, 1.0, max UDMA/133
[    1.293690] ata1: SATA link up 3.0 Gbps (SStatus 123 SControl 300)
[    1.297303] ata1.00: ATA-6: VBOX HARDDISK, 1.0, max UDMA/133
[    1.299848] ata1.00: 41943888 sectors, multi 128: LBA48 NCQ (depth 32)
[    1.312366] ata1.00: configured for UDMA/133
[    1.314434] scsi 0:0:0:0: Direct-Access     ATA      VBOX HARDDISK    1.0  PQ: 0 ANSI: 5
[    1.318120] sd 0:0:0:0: [sda] 41943888 512-byte logical blocks: (21.5 GB/20.0 GiB)
[    1.321567] sd 0:0:0:0: Attached scsi generic sg0 type 0
[    1.323991] sd 0:0:0:0: [sda] Write Protect is off
[    1.326194] sd 0:0:0:0: [sda] Mode Sense: 00 3a 00 00
[    1.336490] scsi 2:0:0:0: CD-ROM            VBOX     CD-ROM           1.0  PQ: 0 ANSI: 5
[    1.340088] sd 0:0:0:0: [sda] Write cache: enabled, read cache: enabled, doesn't support DPO or FUA
[    1.345834] sd 0:0:0:0: [sda] Preferred minimum I/O size 512 bytes
[    1.361646] sr 2:0:0:0: [sr0] scsi3-mmc drive: 32x/32x xa/form2 tray
[    1.364787] cdrom: Uniform CD-ROM driver Revision: 3.20
[    1.381532] sr 2:0:0:0: Attached scsi CD-ROM sr0
[    1.381901] GPT:Primary header thinks Alt. header is not at the end of the disk.
[    1.385212] GPT:41943039 != 41943887
[    1.386956] GPT:Alternate GPT header not at the end of the disk.
[    1.389615] GPT:41943039 != 41943887
[    1.391371] GPT: Use GNU Parted to correct GPT errors.
[    1.394160]  sda: sda1 sda2 sda3
[    1.395787] sr 2:0:0:0: Attached scsi generic sg1 type 5
[    1.417255] sd 0:0:0:0: [sda] Attached SCSI disk
[    1.820644] e1000 0000:00:03.0 eth0: (PCI:33MHz:32-bit) 08:00:27:cd:42:99
[    1.823645] e1000 0000:00:03.0 eth0: Intel(R) PRO/1000 Network Connection
[    1.826708] e1000e: Intel(R) PRO/1000 Network Driver
[    1.829164] e1000e: Copyright(c) 1999 - 2015 Intel Corporation.
[    1.831816] sky2: driver version 1.30
[    1.835491] ehci-pci 0000:00:0b.0: EHCI Host Controller
[    1.839222] ehci-pci 0000:00:0b.0: new USB bus registered, assigned bus number 1
[    1.843805] ehci-pci 0000:00:0b.0: irq 19, io mem 0xf0805000
[    1.853394] ehci-pci 0000:00:0b.0: USB 2.0 started, EHCI 1.00
[    1.856063] usb usb1: New USB device found, idVendor=1d6b, idProduct=0002, bcdDevice= 6.03
[    1.860148] usb usb1: New USB device strings: Mfr=3, Product=2, SerialNumber=1
[    1.863379] usb usb1: Product: EHCI Host Controller
[    1.865619] usb usb1: Manufacturer: Linux 6.3.0-rc4-next-20230328 ehci_hcd
[    1.868619] usb usb1: SerialNumber: 0000:00:0b.0
[    1.870877] hub 1-0:1.0: USB hub found
[    1.872712] hub 1-0:1.0: 12 ports detected
[    1.875430] ohci-pci 0000:00:06.0: OHCI PCI host controller
[    1.878490] ohci-pci 0000:00:06.0: new USB bus registered, assigned bus number 2
[    1.882407] ohci-pci 0000:00:06.0: irq 22, io mem 0xf0804000
[    1.939456] usb usb2: New USB device found, idVendor=1d6b, idProduct=0001, bcdDevice= 6.03
[    1.943150] usb usb2: New USB device strings: Mfr=3, Product=2, SerialNumber=1
[    1.946814] usb usb2: Product: OHCI PCI host controller
[    1.949204] usb usb2: Manufacturer: Linux 6.3.0-rc4-next-20230328 ohci_hcd
[    1.952199] usb usb2: SerialNumber: 0000:00:06.0
[    1.954445] hub 2-0:1.0: USB hub found
[    1.956344] hub 2-0:1.0: 12 ports detected
[    1.960501] usbcore: registered new interface driver usblp
[    1.962994] usbcore: registered new interface driver usb-storage
[    1.965745] i8042: PNP: PS/2 Controller [PNP0303:PS2K,PNP0f03:PS2M] at 0x60,0x64 irq 1,12
[    1.973482] serio: i8042 KBD port at 0x60,0x64 irq 1
[    1.975793] serio: i8042 AUX port at 0x60,0x64 irq 12
[    1.979792] input: AT Translated Set 2 keyboard as /devices/platform/i8042/serio0/input/input3
[    1.987370] rtc_cmos rtc_cmos: registered as rtc0
[    1.994275] rtc_cmos rtc_cmos: alarms up to one day, 114 bytes nvram
[    1.997145] fail to initialize ptp_kvm
[    1.999093] device-mapper: ioctl: 4.48.0-ioctl (2023-03-01) initialised: dm-devel@redhat.com
[    2.009547] hid: raw HID events driver (C) Jiri Kosina
[    2.011985] usbcore: registered new interface driver usbhid
[    2.014500] usbhid: USB HID core driver
[    2.016934] Initializing XFRM netlink socket
[    2.018973] NET: Registered PF_INET6 protocol family
[    2.021408] Segment Routing with IPv6
[    2.023209] In-situ OAM (IOAM) with IPv6
[    2.025131] sit: IPv6, IPv4 and MPLS over IPv4 tunneling driver
[    2.027937] NET: Registered PF_PACKET protocol family
[    2.030701] 9pnet: Installing 9P2000 support
[    2.032728] Key type dns_resolver registered
[    2.034876] IPI shorthand broadcast: enabled
[    2.037851] sched_clock: Marking stable (1591944893, 444906591)->(2349675172, -312823688)
[    2.042443] registered taskstats version 1
[    2.044395] Loading compiled-in X.509 certificates
[    2.047783] PM:   Magic number: 15:207:448
[    2.049810] acpi APP0001:00: hash matches
[    2.052229] printk: console [netcon0] enabled
[    2.054281] netconsole: network logging started
[    2.056474] cfg80211: Loading compiled-in X.509 certificates for regulatory database
[    2.060006] kworker/u2:0 (48) used greatest stack depth: 14784 bytes left
[    2.063185] Loaded X.509 cert 'sforshee: 00b28ddf47aef9cea7'
[    2.065746] platform regulatory.0: Direct firmware load for regulatory.db failed with error -2
[    2.069575] ALSA device list:
[    2.071521] cfg80211: failed to load regulatory.db
[    2.073770]   No soundcards found.
[    2.239763] input: ImExPS/2 Generic Explorer Mouse as /devices/platform/i8042/serio1/input/input5
[    2.244533] md: Waiting for all devices to be available before autodetect
[    2.247530] md: If you don't use raid, use raid=noautodetect
[    2.250090] md: Autodetecting RAID arrays.
[    2.252038] md: autorun ...
[    2.253488] md: ... autorun DONE.
[    2.264792] EXT4-fs (sda3): mounted filesystem 3b1cd1f1-96ae-44e8-b9ab-20089a80262f with ordered data mode. Quota mode: none.
[    2.269638] VFS: Mounted root (ext4 filesystem) readonly on device 8:3.
[    2.274328] devtmpfs: mounted
[    2.276075] Freeing unused kernel image (initmem) memory: 2572K
[    2.278766] Write protecting the kernel read-only data: 26624k
[    2.281657] Freeing unused kernel image (rodata/data gap) memory: 1800K
[    2.284581] Run /sbin/init as init process
[    2.286981]   with arguments:
[    2.286982]     /sbin/init
[    2.286983]   with environment:
[    2.286984]     HOME=/
[    2.286984]     TERM=linux
[    2.286985]     BOOT_IMAGE=/vmlinuz-6.3.0-rc4-next-20230328
[    2.379665] stty (55) used greatest stack depth: 13728 bytes left
[    2.397415] dmesg (56) used greatest stack depth: 13600 bytes left
[    2.497415] S00mountvirtfs (59) used greatest stack depth: 13488 bytes left
[    2.547441] ip (107) used greatest stack depth: 12976 bytes left
[    2.618572] udevd[132]: starting version 3.2.11
[    2.656968] udevd[133]: starting eudev-3.2.11
[    2.731747] e1000 0000:00:03.0 enp0s3: renamed from eth0
[    3.130549] Adding 2045948k swap on /dev/sda2.  Priority:1 extents:1 across:2045948k 
[    3.157123] EXT4-fs (sda3): re-mounted 3b1cd1f1-96ae-44e8-b9ab-20089a80262f. Quota mode: none.
[    3.234534] EXT4-fs (sda3): re-mounted 3b1cd1f1-96ae-44e8-b9ab-20089a80262f. Quota mode: none.
[    3.260398] EXT4-fs (sda1): mounting ext2 file system using the ext4 subsystem
[    3.266326] EXT4-fs (sda1): mounted filesystem 72acf532-d30c-49f1-9f21-50cc2c5f5e17 without journal. Quota mode: none.
[    3.270932] ext2 filesystem being mounted at /boot supports timestamps until 2038-01-19 (0x7fffffff)
[    4.474384] e1000: enp0s3 NIC Link is Up 1000 Mbps Full Duplex, Flow Control: RX
[    4.487781] IPv6: ADDRCONF(NETDEV_CHANGE): enp0s3: link becomes ready
